Component: ARM Compiler 5.06 update 7 (build 960) Tool: armlink [4d3601]

==============================================================================

Section Cross References

    main.o(.text) refers to misc.o(.text) for NVIC_PriorityGroupConfig
    main.o(.text) refers to delay.o(.text) for delay_init
    main.o(.text) refers to step_motor.o(.text) for step_motor_init
    main.o(.text) refers to pwm.o(.text) for ST_PWM_Init
    main.o(.text) refers to led.o(.text) for LED_Init
    main.o(.text) refers to usart.o(.text) for uart3_init
    main.o(.text) refers to lcd.o(.text) for LCD_Init
    main.o(.text) refers to lcd.o(.data) for POINT_COLOR
    main.o(.text) refers to usart.o(.data) for op1_State
    system_stm32f4xx.o(.text) refers to system_stm32f4xx.o(.data) for SystemCoreClock
    startup_stm32f40_41xxx.o(STACK) refers (Special) to heapauxi.o(.text) for __use_two_region_memory
    startup_stm32f40_41xxx.o(HEAP) refers (Special) to heapauxi.o(.text) for __use_two_region_memory
    startup_stm32f40_41xxx.o(RESET) refers (Special) to heapauxi.o(.text) for __use_two_region_memory
    startup_stm32f40_41xxx.o(RESET) refers to startup_stm32f40_41xxx.o(STACK) for __initial_sp
    startup_stm32f40_41xxx.o(RESET) refers to startup_stm32f40_41xxx.o(.text) for Reset_Handler
    startup_stm32f40_41xxx.o(RESET) refers to stm32f4xx_it.o(.text) for NMI_Handler
    startup_stm32f40_41xxx.o(RESET) refers to step_motor.o(.text) for TIM2_IRQHandler
    startup_stm32f40_41xxx.o(RESET) refers to usart.o(.text) for USART1_IRQHandler
    startup_stm32f40_41xxx.o(.text) refers (Special) to heapauxi.o(.text) for __use_two_region_memory
    startup_stm32f40_41xxx.o(.text) refers to system_stm32f4xx.o(.text) for SystemInit
    startup_stm32f40_41xxx.o(.text) refers to __main.o(!!!main) for __main
    startup_stm32f40_41xxx.o(.text) refers to startup_stm32f40_41xxx.o(HEAP) for Heap_Mem
    startup_stm32f40_41xxx.o(.text) refers to startup_stm32f40_41xxx.o(STACK) for Stack_Mem
    stm32f4xx_adc.o(.text) refers to stm32f4xx_rcc.o(.text) for RCC_APB2PeriphResetCmd
    stm32f4xx_can.o(.text) refers to stm32f4xx_rcc.o(.text) for RCC_APB1PeriphResetCmd
    stm32f4xx_cryp.o(.text) refers to stm32f4xx_rcc.o(.text) for RCC_AHB2PeriphResetCmd
    stm32f4xx_cryp_aes.o(.text) refers to stm32f4xx_cryp.o(.text) for CRYP_KeyStructInit
    stm32f4xx_cryp_des.o(.text) refers to stm32f4xx_cryp.o(.text) for CRYP_KeyStructInit
    stm32f4xx_cryp_tdes.o(.text) refers to stm32f4xx_cryp.o(.text) for CRYP_KeyStructInit
    stm32f4xx_dac.o(.text) refers to stm32f4xx_rcc.o(.text) for RCC_APB1PeriphResetCmd
    stm32f4xx_dma2d.o(.text) refers to stm32f4xx_rcc.o(.text) for RCC_AHB1PeriphResetCmd
    stm32f4xx_fsmc.o(.text) refers to stm32f4xx_fsmc.o(.constdata) for FSMC_DefaultTimingStruct
    stm32f4xx_gpio.o(.text) refers to stm32f4xx_rcc.o(.text) for RCC_AHB1PeriphResetCmd
    stm32f4xx_hash.o(.text) refers to stm32f4xx_rcc.o(.text) for RCC_AHB2PeriphResetCmd
    stm32f4xx_hash_md5.o(.text) refers to stm32f4xx_hash.o(.text) for HASH_DeInit
    stm32f4xx_hash_sha1.o(.text) refers to stm32f4xx_hash.o(.text) for HASH_DeInit
    stm32f4xx_i2c.o(.text) refers to stm32f4xx_rcc.o(.text) for RCC_APB1PeriphResetCmd
    stm32f4xx_ltdc.o(.text) refers to stm32f4xx_rcc.o(.text) for RCC_APB2PeriphResetCmd
    stm32f4xx_pwr.o(.text) refers to stm32f4xx_rcc.o(.text) for RCC_APB1PeriphResetCmd
    stm32f4xx_rcc.o(.text) refers to stm32f4xx_rcc.o(.data) for APBAHBPrescTable
    stm32f4xx_rng.o(.text) refers to stm32f4xx_rcc.o(.text) for RCC_AHB2PeriphResetCmd
    stm32f4xx_sai.o(.text) refers to stm32f4xx_rcc.o(.text) for RCC_APB2PeriphResetCmd
    stm32f4xx_sdio.o(.text) refers to stm32f4xx_rcc.o(.text) for RCC_APB2PeriphResetCmd
    stm32f4xx_spi.o(.text) refers to stm32f4xx_rcc.o(.text) for RCC_APB2PeriphResetCmd
    stm32f4xx_syscfg.o(.text) refers to stm32f4xx_rcc.o(.text) for RCC_APB2PeriphResetCmd
    stm32f4xx_tim.o(.text) refers to stm32f4xx_rcc.o(.text) for RCC_APB2PeriphResetCmd
    stm32f4xx_usart.o(.text) refers to stm32f4xx_rcc.o(.text) for RCC_APB2PeriphResetCmd
    stm32f4xx_wwdg.o(.text) refers to stm32f4xx_rcc.o(.text) for RCC_APB1PeriphResetCmd
    delay.o(.text) refers to misc.o(.text) for SysTick_CLKSourceConfig
    delay.o(.text) refers to delay.o(.data) for fac_us
    usart.o(.rev16_text) refers (Special) to use_no_semi_2.o(.text) for __use_no_semihosting
    usart.o(.revsh_text) refers (Special) to use_no_semi_2.o(.text) for __use_no_semihosting
    usart.o(.text) refers (Special) to use_no_semi_2.o(.text) for __use_no_semihosting
    usart.o(.text) refers to _printf_percent.o(.ARM.Collect$$_printf_percent$$00000000) for _printf_percent
    usart.o(.text) refers to _printf_c.o(.ARM.Collect$$_printf_percent$$00000013) for _printf_c
    usart.o(.text) refers to _printf_str.o(.text) for _printf_str
[...]
    ..\\HARDWARE\\CAR_DRIVE\\car_drive.c     0x00000000   Number         0  car_drive.o ABSOLUTE
    ..\\HARDWARE\\LCD\\lcd.c                 0x00000000   Number         0  lcd.o ABSOLUTE
    ..\\HARDWARE\\LED\\led.c                 0x00000000   Number         0  led.o ABSOLUTE
    ..\\HARDWARE\\MH\\MH.c                   0x00000000   Number         0  mh.o ABSOLUTE
    ..\\HARDWARE\\PWM\\pwm.c                 0x00000000   Number         0  pwm.o ABSOLUTE
    ..\\HARDWARE\\STEP_MOTER\\step_motor.c   0x00000000   Number         0  step_motor.o ABSOLUTE
    ..\\HARDWARE\\State Machine\\state.c     0x00000000   Number         0  state.o ABSOLUTE
    ..\\SYSTEM\\delay\\delay.c               0x00000000   Number         0  delay.o ABSOLUTE
    ..\\SYSTEM\\sys\\sys.c                   0x00000000   Number         0  sys.o ABSOLUTE
    ..\\SYSTEM\\usart\\usart.c               0x00000000   Number         0  usart.o ABSOLUTE
    dc.s                                     0x00000000   Number         0  dc.o ABSOLUTE
    main.c                                   0x00000000   Number         0  main.o ABSOLUTE
    main.c                                   0x00000000   Number         0  main.o ABSOLUTE
    stm32f4xx_it.c                           0x00000000   Number         0  stm32f4xx_it.o ABSOLUTE
    stm32f4xx_it.c                           0x00000000   Number         0  stm32f4xx_it.o ABSOLUTE
    system_stm32f4xx.c                       0x00000000   Number         0  system_stm32f4xx.o ABSOLUTE
    system_stm32f4xx.c                       0x00000000   Number         0  system_stm32f4xx.o ABSOLUTE
    RESET                                    0x08000000   Section      392  startup_stm32f40_41xxx.o(RESET)
    !!!main                                  0x08000188   Section        8  __main.o(!!!main)
    !!!scatter                               0x08000190   Section       52  __scatter.o(!!!scatter)
    !!handler_copy                           0x080001c4   Section       26  __scatter_copy.o(!!handler_copy)
    !!handler_zi                             0x080001e0   Section       28  __scatter_zi.o(!!handler_zi)
    .ARM.Collect$$_printf_percent$$00000000  0x080001fc   Section        0  _printf_percent.o(.ARM.Collect$$_printf_percent$$00000000)
    .ARM.Collect$$_printf_percent$$00000009  0x080001fc   Section        6  _printf_d.o(.ARM.Collect$$_printf_percent$$00000009)
    .ARM.Collect$$_printf_percent$$0000000C  0x08000202   Section        6  _printf_x.o(.ARM.Collect$$_printf_percent$$0000000C)
    .ARM.Collect$$_printf_percent$$00000013  0x08000208   Section        6  _printf_c.o(.ARM.Collect$$_printf_percent$$00000013)
    .ARM.Collect$$_printf_percent$$00000017  0x0800020e   Section        4  _printf_percent_end.o(.ARM.Collect$$_printf_percent$$00000017)
    .ARM.Collect$$libinit$$00000000          0x08000212   Section        2  libinit.o(.ARM.Collect$$libinit$$00000000)
    .ARM.Collect$$libinit$$00000001          0x08000214   Section        4  libinit2.o(.ARM.Collect$$libinit$$00000001)
    .ARM.Collect$$libinit$$00000004          0x08000218   Section        0  libinit2.o(.ARM.Collect$$libinit$$00000004)
    .ARM.Collect$$libinit$$0000000A          0x08000218   Section        0  libinit2.o(.ARM.Collect$$libinit$$0000000A)
    .ARM.Collect$$libinit$$0000000C          0x08000218   Section        0  libinit2.o(.ARM.Collect$$libinit$$0000000C)
    .ARM.Collect$$libinit$$0000000E          0x08000218   Section        0  libinit2.o(.ARM.Collect$$libinit$$0000000E)
    .ARM.Collect$$libinit$$00000011          0x08000218   Section        0  libinit2.o(.ARM.Collect$$libinit$$00000011)
    .ARM.Collect$$libinit$$00000013          0x08000218   Section        0  libinit2.o(.ARM.Collect$$libinit$$00000013)
    .ARM.Collect$$libinit$$00000015          0x08000218   Section        0  libinit2.o(.ARM.Collect$$libinit$$00000015)
    .ARM.Collect$$libinit$$00000017          0x08000218   Section        0  libinit2.o(.ARM.Collect$$libinit$$00000017)
    .ARM.Collect$$libinit$$00000019          0x08000218   Section        0  libinit2.o(.ARM.Collect$$libinit$$00000019)
    .ARM.Collect$$libinit$$0000001B          0x08000218   Section        0  libinit2.o(.ARM.Collect$$libinit$$0000001B)
    .ARM.Collect$$libinit$$0000001D          0x08000218   Section        0  libinit2.o(.ARM.Collect$$libinit$$0000001D)
    .ARM.Collect$$libinit$$0000001F          0x08000218   Section        0  libinit2.o(.ARM.Collect$$libinit$$0000001F)
    .ARM.Collect$$libinit$$00000021          0x08000218   Section        0  libinit2.o(.ARM.Collect$$libinit$$00000021)
    .ARM.Collect$$libinit$$00000023          0x08000218   Section        0  libinit2.o(.ARM.Collect$$libinit$$00000023)
    .ARM.Collect$$libinit$$00000025          0x08000218   Section        0  libinit2.o(.ARM.Collect$$libinit$$00000025)
    .ARM.Collect$$libinit$$0000002C          0x08000218   Section        0  libinit2.o(.ARM.Collect$$libinit$$0000002C)
    .ARM.Collect$$libinit$$0000002E          0x08000218   Section        0  libinit2.o(.ARM.Collect$$libinit$$0000002E)
    .ARM.Collect$$libinit$$00000030          0x08000218   Section        0  libinit2.o(.ARM.Collect$$libinit$$00000030)
    .ARM.Collect$$libinit$$00000032          0x08000218   Section        0  libinit2.o(.ARM.Collect$$libinit$$00000032)
    .ARM.Collect$$libinit$$00000033          0x08000218   Section        2  libinit2.o(.ARM.Collect$$libinit$$00000033)
    .ARM.Collect$$libshutdown$$00000000      0x0800021a   Section        2  libshutdown.o(.ARM.Collect$$libshutdown$$00000000)
    .ARM.Collect$$libshutdown$$00000002      0x0800021c   Section        0  libshutdown2.o(.ARM.Collect$$libshutdown$$00000002)
    .ARM.Collect$$libshutdown$$00000004      0x0800021c   Section        0  libshutdown2.o(.ARM.Collect$$libshutdown$$00000004)
    .ARM.Collect$$libshutdown$$00000006      0x0800021c   Section        0  libshutdown2.o(.ARM.Collect$$libshutdown$$00000006)
    .ARM.Collect$$libshutdown$$00000009      0x0800021c   Section        0  libshutdown2.o(.ARM.Collect$$libshutdown$$00000009)
    .ARM.Collect$$libshutdown$$0000000C      0x0800021c   Section        0  libshutdown2.o(.ARM.Collect$$libshutdown$$0000000C)
    .ARM.Collect$$libshutdown$$0000000E      0x0800021c   Section        0  libshutdown2.o(.ARM.Collect$$libshutdown$$0000000E)
    .ARM.Collect$$libshutdown$$00000011      0x0800021c   Section        0  libshutdown2.o(.ARM.Collect$$libshutdown$$00000011)
    .ARM.Collect$$libshutdown$$00000012      0x0800021c   Section        2  libshutdown2.o(.ARM.Collect$$libshutdown$$00000012)
    .ARM.Collect$$rtentry$$00000000          0x0800021e   Section        0  __rtentry.o(.ARM.Collect$$rtentry$$00000000)
    .ARM.Collect$$rtentry$$00000002          0x0800021e   Section        0  __rtentry2.o(.ARM.Collect$$rtentry$$00000002)
    .ARM.Collect$$rtentry$$00000004          0x0800021e   Section        6  __rtentry4.o(.ARM.Collect$$rtentry$$00000004)
    .ARM.Collect$$rtentry$$00000009          0x08000224   Section        0  __rtentry2.o(.ARM.Collect$$rtentry$$00000009)
    .ARM.Collect$$rtentry$$0000000A          0x08000224   Section        4  __rtentry2.o(.ARM.Collect$$rtentry$$0000000A)
    .ARM.Collect$$rtentry$$0000000C          0x08000228   Section        0  __rtentry2.o(.ARM.Collect$$rtentry$$0000000C)
    .ARM.Collect$$rtentry$$0000000D          0x08000228   Section        8  __rtentry2.o(.ARM.Collect$$rtentry$$0000000D)
    .ARM.Collect$$rtexit$$00000000           0x08000230   Section        2  rtexit.o(.ARM.Collect$$rtexit$$00000000)
    .ARM.Collect$$rtexit$$00000002           0x08000232   Section        0  rtexit2.o(.ARM.Collect$$rtexit$$00000002)
    .ARM.Collect$$rtexit$$00000003           0x08000232   Section        4  rtexit2.o(.ARM.Collect$$rtexit$$00000003)
    .ARM.Collect$$rtexit$$00000004           0x08000236   Section        6  rtexit2.o(.ARM.Collect$$rtexit$$00000004)
    .text                                    0x0800023c   Section        0  main.o(.text)
    .text                                    0x080002a4   Section        0  stm32f4xx_it.o(.text)
    .text                                    0x080002c0   Section        0  system_stm32f4xx.o(.text)
    SetSysClock                              0x080002c1   Thumb Code   220  system_stm32f4xx.o(.text)
    .text                                    0x080004d0   Section       64  startup_stm32f40_41xxx.o(.text)
    $v0                                      0x080004d0   Number         0  startup_stm32f40_41xxx.o(.text)
    .text                                    0x08000510   Section        0  misc.o(.text)
    .text                                    0x080005f0   Section        0  stm32f4xx_fsmc.o(.text)
    .text                                    0x08000bb8   Section        0  stm32f4xx_gpio.o(.text)
    .text                                    0x08000e4c   Section        0  stm32f4xx_rcc.o(.text)
    .text                                    0x080014a8   Section        0  stm32f4xx_tim.o(.text)
    TI4_Config                               0x08001c47   Thumb Code    80  stm32f4xx_tim.o(.text)
    TI3_Config                               0x08001ca9   Thumb Code    72  stm32f4xx_tim.o(.text)
    TI2_Config                               0x08001d0b   Thumb Code    90  stm32f4xx_tim.o(.text)
    TI1_Config                               0x08001d77   Thumb Code    58  stm32f4xx_tim.o(.text)
    .text                                    0x0800214c   Section        0  stm32f4xx_usart.o(.text)
    .text                                    0x080025a0   Section        0  delay.o(.text)
    .text                                    0x080026a4   Section        0  usart.o(.text)
    .text                                    0x08002a7c   Section        0  led.o(.text)
    .text                                    0x08002abc   Section        0  step_motor.o(.text)
    .text                                    0x08003a24   Section        0  pwm.o(.text)
    .text                                    0x08004064   Section        0  lcd.o(.text)
    .text                                    0x08007cf4   Section        2  use_no_semi_2.o(.text)
    .text                                    0x08007cf8   Section        0  noretval__2printf.o(.text)
    .text                                    0x08007d10   Section        0  __printf.o(.text)
    .text                                    0x08007d78   Section        0  _printf_str.o(.text)
    .text                                    0x08007dcc   Section        0  _printf_dec.o(.text)
    .text                                    0x08007e44   Section        0  _printf_hex_int.o(.text)
    .text                                    0x08007e9c   Section        0  heapauxi.o(.text)
    .text                                    0x08007ea2   Section        2  use_no_semi.o(.text)
    .text                                    0x08007ea4   Section        0  _rserrno.o(.text)
    .text                                    0x08007eba   Section        0  _printf_intcommon.o(.text)
    .text                                    0x08007f6c   Section        0  _printf_char.o(.text)
    .text                                    0x08007f98   Section        0  _printf_char_file.o(.text)
    .text                                    0x08007fbc   Section        8  rt_errno_addr_intlibspace.o(.text)
    .text                                    0x08007fc4   Section        0  _printf_char_common.o(.text)
    _printf_input_char                       0x08007fc5   Thumb Code    10  _printf_char_common.o(.text)
    .text                                    0x08007ff4   Section        0  ferror.o(.text)
    .text                                    0x08007ffc   Section        8  libspace.o(.text)
    .text                                    0x08008004   Section       74  sys_stackheap_outer.o(.text)
    .text                                    0x0800804e   Section        0  exit.o(.text)
    i.__hardfp_sqrt                          0x08008060   Section        0  sqrt.o(i.__hardfp_sqrt)
    x$fpl$ddiv                               0x080080dc   Section      688  ddiv.o(x$fpl$ddiv)
    $v0                                      0x080080dc   Number         0  ddiv.o(x$fpl$ddiv)
    ddiv_entry                               0x080080e3   Thumb Code     0  ddiv.o(x$fpl$ddiv)
    x$fpl$dfix                               0x0800838c   Section       94  dfix.o(x$fpl$dfix)
    $v0                                      0x0800838c   Number         0  dfix.o(x$fpl$dfix)
    x$fpl$dfixu                              0x080083ec   Section       90  dfixu.o(x$fpl$dfixu)
    $v0                                      0x080083ec   Number         0  dfixu.o(x$fpl$dfixu)
    x$fpl$dfltu                              0x08008446   Section       38  dflt_clz.o(x$fpl$dfltu)
    $v0                                      0x08008446   Number         0  dflt_clz.o(x$fpl$dfltu)
    x$fpl$dmul                               0x0800846c   Section      340  dmul.o(x$fpl$dmul)
    $v0                                      0x0800846c   Number         0  dmul.o(x$fpl$dmul)
    x$fpl$dnaninf                            0x080085c0   Section      156  dnaninf.o(x$fpl$dnaninf)
    $v0                                      0x080085c0   Number         0  dnaninf.o(x$fpl$dnaninf)
    x$fpl$dretinf                            0x0800865c   Section       12  dretinf.o(x$fpl$dretinf)
    $v0                                      0x0800865c   Number         0  dretinf.o(x$fpl$dretinf)
    x$fpl$dsqrt                              0x08008668   Section      408  dsqrt_umaal.o(x$fpl$dsqrt)
    $v0                                      0x08008668   Number         0  dsqrt_umaal.o(x$fpl$dsqrt)
    x$fpl$f2d                                0x08008800   Section       86  f2d.o(x$fpl$f2d)
    $v0                                      0x08008800   Number         0  f2d.o(x$fpl$f2d)
    x$fpl$fnaninf                            0x08008856   Section      140  fnaninf.o(x$fpl$fnaninf)
    $v0                                      0x08008856   Number         0  fnaninf.o(x$fpl$fnaninf)
    x$fpl$fpinit                             0x080088e2   Section       10  fpinit.o(x$fpl$fpinit)
    $v0                                      0x080088e2   Number         0  fpinit.o(x$fpl$fpinit)
    .constdata                               0x080088ec   Section       28  stm32f4xx_fsmc.o(.constdata)
    x$fpl$usenofp                            0x080088ec   Section        0  usenofp.o(x$fpl$usenofp)
    .constdata                               0x08008908   Section     6080  lcd.o(.constdata)
    .constdata                               0x0800a0c8   Section       40  _printf_hex_int.o(.constdata)
    uc_hextab                                0x0800a0c8   Data          20  _printf_hex_int.o(.constdata)
    lc_hextab                                0x0800a0dc   Data          20  _printf_hex_int.o(.constdata)
    .data                                    0x20000000   Section       20  system_stm32f4xx.o(.data)
    .data                                    0x20000014   Section       16  stm32f4xx_rcc.o(.data)
    APBAHBPrescTable                         0x20000014   Data          16  stm32f4xx_rcc.o(.data)
    .data                                    0x20000024   Section        4  delay.o(.data)
    fac_us                                   0x20000024   Data           1  delay.o(.data)
    fac_ms                                   0x20000026   Data           2  delay.o(.data)
    .data                                    0x20000028   Section       50  usart.o(.data)
    i                                        0x20000054   Data           4  usart.o(.data)
    rx_counter_1                             0x20000058   Data           1  usart.o(.data)
    rx_state                                 0x20000059   Data           1  usart.o(.data)
    .data                                    0x2000005c   Section       45  step_motor.o(.data)
    st1_last_accel_delay                     0x20000064   Data           2  step_motor.o(.data)
    st1_step_count                           0x20000068   Data           4  step_motor.o(.data)
    st1_rest                                 0x2000006c   Data           4  step_motor.o(.data)
    i                                        0x20000070   Data           1  step_motor.o(.data)
    last_accel_delay                         0x20000072   Data           2  step_motor.o(.data)
    step_count                               0x20000074   Data           4  step_motor.o(.data)
    rest                                     0x20000078   Data           4  step_motor.o(.data)
    i                                        0x2000007c   Data           1  step_motor.o(.data)
    last_accel_delay                         0x2000007e   Data           2  step_motor.o(.data)
    step_count                               0x20000080   Data           4  step_motor.o(.data)
    rest                                     0x20000084   Data           4  step_motor.o(.data)
    i                                        0x20000088   Data           1  step_motor.o(.data)
    .data                                    0x2000008c   Section        4  state.o(.data)
    .data                                    0x20000090   Section        4  lcd.o(.data)
    .bss                                     0x20000094   Section       44  usart.o(.bss)
    rx_buffer_1                              0x200000ac   Data          20  usart.o(.bss)
    .bss                                     0x200000c0   Section       96  step_motor.o(.bss)
    .bss                                     0x20000120   Section       14  lcd.o(.bss)
    .bss                                     0x20000130   Section       96  libspace.o(.bss)
    HEAP                                     0x20000190   Section      512  startup_stm32f40_41xxx.o(HEAP)
    Heap_Mem                                 0x20000190   Data         512  startup_stm32f40_41xxx.o(HEAP)
    STACK                                    0x20000390   Section     1024  startup_stm32f40_41xxx.o(STACK)
    Stack_Mem                                0x20000390   Data        1024  startup_stm32f40_41xxx.o(STACK)
    __initial_sp                             0x20000790   Data           0  startup_stm32f40_41xxx.o(STACK)

    Global Symbols

    Symbol Name                              Value     Ov Type        Size  Object(Section)

    BuildAttributes$$THM_ISAv4$E$P$D$K$B$S$7EM$VFPi3$EXTD16$VFPS$VFMA$PE$A:L22UL41UL21$X:L11$S22US41US21$IEEE1$IW$USESV6$~STKCKD$USESV7$~SHL$OTIME$ROPI$IEEEX$EBA8$UX$STANDARDLIB$REQ8$PRES8$EABIv2 0x00000000   Number         0  anon$$obj.o ABSOLUTE
    __ARM_use_no_argv                        0x00000000   Number         0  main.o ABSOLUTE
    __ARM_exceptions_init                     - Undefined Weak Reference
    __alloca_initialize                       - Undefined Weak Reference
    __arm_fini_                               - Undefined Weak Reference
    __arm_preinit_                            - Undefined Weak Reference
    __cpp_initialize__aeabi_                  - Undefined Weak Reference
    __cxa_finalize                            - Undefined Weak Reference
    __rt_locale                               - Undefined Weak Reference
    __sigvec_lookup                           - Undefined Weak Reference
    _atexit_init                              - Undefined Weak Reference
    _call_atexit_fns                          - Undefined Weak Reference
    _clock_init                               - Undefined Weak Reference
    _fp_trap_init                             - Undefined Weak Reference
    _fp_trap_shutdown                         - Undefined Weak Reference
    _get_lc_collate                           - Undefined Weak Reference
    _get_lc_ctype                             - Undefined Weak Reference
    _get_lc_monetary                          - Undefined Weak Reference
    _get_lc_numeric                           - Undefined Weak Reference
    _get_lc_time                              - Undefined Weak Reference
    _getenv_init                              - Undefined Weak Reference
    _handle_redirection                       - Undefined Weak Reference
    _init_alloc                               - Undefined Weak Reference
    _init_user_alloc                          - Undefined Weak Reference
    _initio                                   - Undefined Weak Reference
    _mutex_acquire                            - Undefined Weak Reference
    _mutex_release                            - Undefined Weak Reference
    _printf_mbtowc                            - Undefined Weak Reference
    _printf_post_padding                      - Undefined Weak Reference
    _printf_pre_padding                       - Undefined Weak Reference
    _printf_truncate_signed                   - Undefined Weak Reference
    _printf_truncate_unsigned                 - Undefined Weak Reference
    _rand_init                                - Undefined Weak Reference
    _signal_finish                            - Undefined Weak Reference
    _signal_init                              - Undefined Weak Reference
    _terminate_alloc                          - Undefined Weak Reference
    _terminate_user_alloc                     - Undefined Weak Reference
    _terminateio                              - Undefined Weak Reference
    __Vectors_Size                           0x00000188   Number         0  startup_stm32f40_41xxx.o ABSOLUTE
    __Vectors                                0x08000000   Data           4  startup_stm32f40_41xxx.o(RESET)
    __Vectors_End                            0x08000188   Data           0  startup_stm32f40_41xxx.o(RESET)
    __main                                   0x08000189   Thumb Code     8  __main.o(!!!main)
    __scatterload                            0x08000191   Thumb Code     0  __scatter.o(!!!scatter)
    __scatterload_rt2                        0x08000191   Thumb Code    44  __scatter.o(!!!scatter)
    __scatterload_rt2_thumb_only             0x08000191   Thumb Code     0  __scatter.o(!!!scatter)
    __scatterload_null                       0x0800019f   Thumb Code     0  __scatter.o(!!!scatter)
    __scatterload_copy                       0x080001c5   Thumb Code    26  __scatter_copy.o(!!handler_copy)
    __scatterload_zeroinit                   0x080001e1   Thumb Code    28  __scatter_zi.o(!!handler_zi)
    _printf_d                                0x080001fd   Thumb Code     0  _printf_d.o(.ARM.Collect$$_printf_percent$$00000009)
    _printf_percent                          0x080001fd   Thumb Code     0  _printf_percent.o(.ARM.Collect$$_printf_percent$$00000000)
    _printf_x                                0x08000203   Thumb Code     0  _printf_x.o(.ARM.Collect$$_printf_percent$$0000000C)
    _printf_c                                0x08000209   Thumb Code     0  _printf_c.o(.ARM.Collect$$_printf_percent$$00000013)
    _printf_percent_end                      0x0800020f   Thumb Code     0  _printf_percent_end.o(.ARM.Collect$$_printf_percent$$00000017)
    __rt_lib_init                            0x08000213   Thumb Code     0  libinit.o(.ARM.Collect$$libinit$$00000000)
    __rt_lib_init_fp_1                       0x08000215   Thumb Code     0  libinit2.o(.ARM.Collect$$libinit$$00000001)
    __rt_lib_init_alloca_1                   0x08000219   Thumb Code     0  libinit2.o(.ARM.Collect$$libinit$$0000002E)
    __rt_lib_init_argv_1                     0x08000219   Thumb Code     0  libinit2.o(.ARM.Collect$$libinit$$0000002C)
    __rt_lib_init_atexit_1                   0x08000219   Thumb Code     0  libinit2.o(.ARM.Collect$$libinit$$0000001B)
    __rt_lib_init_clock_1                    0x08000219   Thumb Code     0  libinit2.o(.ARM.Collect$$libinit$$00000021)
    __rt_lib_init_cpp_1                      0x08000219   Thumb Code     0  libinit2.o(.ARM.Collect$$libinit$$00000032)
    __rt_lib_init_exceptions_1               0x08000219   Thumb Code     0  libinit2.o(.ARM.Collect$$libinit$$00000030)
    __rt_lib_init_fp_trap_1                  0x08000219   Thumb Code     0  libinit2.o(.ARM.Collect$$libinit$$0000001F)
    __rt_lib_init_getenv_1                   0x08000219   Thumb Code     0  libinit2.o(.ARM.Collect$$libinit$$00000023)
    __rt_lib_init_heap_1                     0x08000219   Thumb Code     0  libinit2.o(.ARM.Collect$$libinit$$0000000A)
    __rt_lib_init_lc_collate_1               0x08000219   Thumb Code     0  libinit2.o(.ARM.Collect$$libinit$$00000011)
    __rt_lib_init_lc_ctype_1                 0x08000219   Thumb Code     0  libinit2.o(.ARM.Collect$$libinit$$00000013)
    __rt_lib_init_lc_monetary_1              0x08000219   Thumb Code     0  libinit2.o(.ARM.Collect$$libinit$$00000015)
    __rt_lib_init_lc_numeric_1               0x08000219   Thumb Code     0  libinit2.o(.ARM.Collect$$libinit$$00000017)
    __rt_lib_init_lc_time_1                  0x08000219   Thumb Code     0  libinit2.o(.ARM.Collect$$libinit$$00000019)
    __rt_lib_init_preinit_1                  0x08000219   Thumb Code     0  libinit2.o(.ARM.Collect$$libinit$$00000004)
    __rt_lib_init_rand_1                     0x08000219   Thumb Code     0  libinit2.o(.ARM.Collect$$libinit$$0000000E)
    __rt_lib_init_return                     0x08000219   Thumb Code     0  libinit2.o(.ARM.Collect$$libinit$$00000033)
    __rt_lib_init_signal_1                   0x08000219   Thumb Code     0  libinit2.o(.ARM.Collect$$libinit$$0000001D)
    __rt_lib_init_stdio_1                    0x08000219   Thumb Code     0  libinit2.o(.ARM.Collect$$libinit$$00000025)
    __rt_lib_init_user_alloc_1               0x08000219   Thumb Code     0  libinit2.o(.ARM.Collect$$libinit$$0000000C)
    __rt_lib_shutdown                        0x0800021b   Thumb Code     0  libshutdown.o(.ARM.Collect$$libshutdown$$00000000)
    __rt_lib_shutdown_cpp_1                  0x0800021d   Thumb Code     0  libshutdown2.o(.ARM.Collect$$libshutdown$$00000004)
    __rt_lib_shutdown_fini_1                 0x0800021d   Thumb Code     0  libshutdown2.o(.ARM.Collect$$libshutdown$$00000002)
    __rt_lib_shutdown_fp_trap_1              0x0800021d   Thumb Code     0  libshutdown2.o(.ARM.Collect$$libshutdown$$00000009)
    __rt_lib_shutdown_heap_1                 0x0800021d   Thumb Code     0  libshutdown2.o(.ARM.Collect$$libshutdown$$00000011)
    __rt_lib_shutdown_return                 0x0800021d   Thumb Code     0  libshutdown2.o(.ARM.Collect$$libshutdown$$00000012)
    __rt_lib_shutdown_signal_1               0x0800021d   Thumb Code     0  libshutdown2.o(.ARM.Collect$$libshutdown$$0000000C)
    __rt_lib_shutdown_stdio_1                0x0800021d   Thumb Code     0  libshutdown2.o(.ARM.Collect$$libshutdown$$00000006)
    __rt_lib_shutdown_user_alloc_1           0x0800021d   Thumb Code     0  libshutdown2.o(.ARM.Collect$$libshutdown$$0000000E)
    __rt_entry                               0x0800021f   Thumb Code     0  __rtentry.o(.ARM.Collect$$rtentry$$00000000)
    __rt_entry_presh_1                       0x0800021f   Thumb Code     0  __rtentry2.o(.ARM.Collect$$rtentry$$00000002)
    __rt_entry_sh                            0x0800021f   Thumb Code     0  __rtentry4.o(.ARM.Collect$$rtentry$$00000004)
    __rt_entry_li                            0x08000225   Thumb Code     0  __rtentry2.o(.ARM.Collect$$rtentry$$0000000A)
    __rt_entry_postsh_1                      0x08000225   Thumb Code     0  __rtentry2.o(.ARM.Collect$$rtentry$$00000009)
    __rt_entry_main                          0x08000229   Thumb Code     0  __rtentry2.o(.ARM.Collect$$rtentry$$0000000D)
    __rt_entry_postli_1                      0x08000229   Thumb Code     0  __rtentry2.o(.ARM.Collect$$rtentry$$0000000C)
    __rt_exit                                0x08000231   Thumb Code     0  rtexit.o(.ARM.Collect$$rtexit$$00000000)
    __rt_exit_ls                             0x08000233   Thumb Code     0  rtexit2.o(.ARM.Collect$$rtexit$$00000003)
    __rt_exit_prels_1                        0x08000233   Thumb Code     0  rtexit2.o(.ARM.Collect$$rtexit$$00000002)
    __rt_exit_exit                           0x08000237   Thumb Code     0  rtexit2.o(.ARM.Collect$$rtexit$$00000004)
    main                                     0x0800023d   Thumb Code    94  main.o(.text)
    NMI_Handler                              0x080002a5   Thumb Code     2  stm32f4xx_it.o(.text)
    HardFault_Handler                        0x080002a7   Thumb Code     4  stm32f4xx_it.o(.text)
    MemManage_Handler                        0x080002ab   Thumb Code     4  stm32f4xx_it.o(.text)
    BusFault_Handler                         0x080002af   Thumb Code     4  stm32f4xx_it.o(.text)
    UsageFault_Handler                       0x080002b3   Thumb Code     4  stm32f4xx_it.o(.text)
    SVC_Handler                              0x080002b7   Thumb Code     2  stm32f4xx_it.o(.text)
    DebugMon_Handler                         0x080002b9   Thumb Code     2  stm32f4xx_it.o(.text)
    PendSV_Handler                           0x080002bb   Thumb Code     2  stm32f4xx_it.o(.text)
    SysTick_Handler                          0x080002bd   Thumb Code     2  stm32f4xx_it.o(.text)
    SystemInit                               0x0800039d   Thumb Code    88  system_stm32f4xx.o(.text)
    SystemCoreClockUpdate                    0x080003f5   Thumb Code   174  system_stm32f4xx.o(.text)
    Reset_Handler                            0x080004d1   Thumb Code     8  startup_stm32f40_41xxx.o(.text)
    ADC_IRQHandler                           0x080004eb   Thumb Code     0  startup_stm32f40_41xxx.o(.text)
    CAN1_RX0_IRQHandler                      0x080004eb   Thumb Code     0  startup_stm32f40_41xxx.o(.text)
    CAN1_RX1_IRQHandler                      0x080004eb   Thumb Code     0  startup_stm32f40_41xxx.o(.text)
    CAN1_SCE_IRQHandler                      0x080004eb   Thumb Code     0  startup_stm32f40_41xxx.o(.text)
    CAN1_TX_IRQHandler                       0x080004eb   Thumb Code     0  startup_stm32f40_41xxx.o(.text)
    CAN2_RX0_IRQHandler                      0x080004eb   Thumb Code     0  startup_stm32f40_41xxx.o(.text)
    CAN2_RX1_IRQHandler                      0x080004eb   Thumb Code     0  startup_stm32f40_41xxx.o(.text)
    CAN2_SCE_IRQHandler                      0x080004eb   Thumb Code     0  startup_stm32f40_41xxx.o(.text)
    CAN2_TX_IRQHandler                       0x080004eb   Thumb Code     0  startup_stm32f40_41xxx.o(.text)
    CRYP_IRQHandler                          0x080004eb   Thumb Code     0  startup_stm32f40_41xxx.o(.text)
    DCMI_IRQHandler                          0x080004eb   Thumb Code     0  startup_stm32f40_41xxx.o(.text)
    DMA1_Stream0_IRQHandler                  0x080004eb   Thumb Code     0  startup_stm32f40_41xxx.o(.text)
    DMA1_Stream1_IRQHandler                  0x080004eb   Thumb Code     0  startup_stm32f40_41xxx.o(.text)
    DMA1_Stream2_IRQHandler                  0x080004eb   Thumb Code     0  startup_stm32f40_41xxx.o(.text)
    DMA1_Stream3_IRQHandler                  0x080004eb   Thumb Code     0  startup_stm32f40_41xxx.o(.text)
    DMA1_Stream4_IRQHandler                  0x080004eb   Thumb Code     0  startup_stm32f40_41xxx.o(.text)
    DMA1_Stream5_IRQHandler                  0x080004eb   Thumb Code     0  startup_stm32f40_41xxx.o(.text)
    DMA1_Stream6_IRQHandler                  0x080004eb   Thumb Code     0  startup_stm32f40_41xxx.o(.text)
    DMA1_Stream7_IRQHandler                  0x080004eb   Thumb Code     0  startup_stm32f40_41xxx.o(.text)
    DMA2_Stream0_IRQHandler                  0x080004eb   Thumb Code     0  startup_stm32f40_41xxx.o(.text)
    DMA2_Stream1_IRQHandler                  0x080004eb   Thumb Code     0  startup_stm32f40_41xxx.o(.text)
    DMA2_Stream2_IRQHandler                  0x080004eb   Thumb Code     0  startup_stm32f40_41xxx.o(.text)
    DMA2_Stream3_IRQHandler                  0x080004eb   Thumb Code     0  startup_stm32f40_41xxx.o(.text)
    DMA2_Stream4_IRQHandler                  0x080004eb   Thumb Code     0  startup_stm32f40_41xxx.o(.text)
    DMA2_Stream5_IRQHandler                  0x080004eb   Thumb Code     0  startup_stm32f40_41xxx.o(.text)
    DMA2_Stream6_IRQHandler                  0x080004eb   Thumb Code     0  startup_stm32f40_41xxx.o(.text)
    DMA2_Stream7_IRQHandler                  0x080004eb   Thumb Code     0  startup_stm32f40_41xxx.o(.text)
    ETH_IRQHandler                           0x080004eb   Thumb Code     0  startup_stm32f40_41xxx.o(.text)
    ETH_WKUP_IRQHandler                      0x080004eb   Thumb Code     0  startup_stm32f40_41xxx.o(.text)
    EXTI0_IRQHandler                         0x080004eb   Thumb Code     0  startup_stm32f40_41xxx.o(.text)
    EXTI15_10_IRQHandler                     0x080004eb   Thumb Code     0  startup_stm32f40_41xxx.o(.text)
    EXTI1_IRQHandler                         0x080004eb   Thumb Code     0  startup_stm32f40_41xxx.o(.text)
    EXTI2_IRQHandler                         0x080004eb   Thumb Code     0  startup_stm32f40_41xxx.o(.text)
    EXTI3_IRQHandler                         0x080004eb   Thumb Code     0  startup_stm32f40_41xxx.o(.text)
    EXTI4_IRQHandler                         0x080004eb   Thumb Code     0  startup_stm32f40_41xxx.o(.text)
    EXTI9_5_IRQHandler                       0x080004eb   Thumb Code     0  startup_stm32f40_41xxx.o(.text)
    FLASH_IRQHandler                         0x080004eb   Thumb Code     0  startup_stm32f40_41xxx.o(.text)
    FPU_IRQHandler                           0x080004eb   Thumb Code     0  startup_stm32f40_41xxx.o(.text)
    FSMC_IRQHandler                          0x080004eb   Thumb Code     0  startup_stm32f40_41xxx.o(.text)
    HASH_RNG_IRQHandler                      0x080004eb   Thumb Code     0  startup_stm32f40_41xxx.o(.text)
    I2C1_ER_IRQHandler                       0x080004eb   Thumb Code     0  startup_stm32f40_41xxx.o(.text)
    I2C1_EV_IRQHandler                       0x080004eb   Thumb Code     0  startup_stm32f40_41xxx.o(.text)
    I2C2_ER_IRQHandler                       0x080004eb   Thumb Code     0  startup_stm32f40_41xxx.o(.text)
    I2C2_EV_IRQHandler                       0x080004eb   Thumb Code     0  startup_stm32f40_41xxx.o(.text)
    I2C3_ER_IRQHandler                       0x080004eb   Thumb Code     0  startup_stm32f40_41xxx.o(.text)
    I2C3_EV_IRQHandler                       0x080004eb   Thumb Code     0  startup_stm32f40_41xxx.o(.text)
    OTG_FS_IRQHandler                        0x080004eb   Thumb Code     0  startup_stm32f40_41xxx.o(.text)
    OTG_FS_WKUP_IRQHandler                   0x080004eb   Thumb Code     0  startup_stm32f40_41xxx.o(.text)
    OTG_HS_EP1_IN_IRQHandler                 0x080004eb   Thumb Code     0  startup_stm32f40_41xxx.o(.text)
    OTG_HS_EP1_OUT_IRQHandler                0x080004eb   Thumb Code     0  startup_stm32f40_41xxx.o(.text)
    OTG_HS_IRQHandler                        0x080004eb   Thumb Code     0  startup_stm32f40_41xxx.o(.text)
    OTG_HS_WKUP_IRQHandler                   0x080004eb   Thumb Code     0  startup_stm32f40_41xxx.o(.text)
    PVD_IRQHandler                           0x080004eb   Thumb Code     0  startup_stm32f40_41xxx.o(.text)
    RCC_IRQHandler                           0x080004eb   Thumb Code     0  startup_stm32f40_41xxx.o(.text)
    RTC_Alarm_IRQHandler                     0x080004eb   Thumb Code     0  startup_stm32f40_41xxx.o(.text)
    RTC_WKUP_IRQHandler                      0x080004eb   Thumb Code     0  startup_stm32f40_41xxx.o(.text)
    SDIO_IRQHandler                          0x080004eb   Thumb Code     0  startup_stm32f40_41xxx.o(.text)
    SPI1_IRQHandler                          0x080004eb   Thumb Code     0  startup_stm32f40_41xxx.o(.text)
    SPI2_IRQHandler                          0x080004eb   Thumb Code     0  startup_stm32f40_41xxx.o(.text)
    SPI3_IRQHandler                          0x080004eb   Thumb Code     0  startup_stm32f40_41xxx.o(.text)
    TAMP_STAMP_IRQHandler                    0x080004eb   Thumb Code     0  startup_stm32f40_41xxx.o(.text)
    TIM1_BRK_TIM9_IRQHandler                 0x080004eb   Thumb Code     0  startup_stm32f40_41xxx.o(.text)
    TIM1_CC_IRQHandler                       0x080004eb   Thumb Code     0  startup_stm32f40_41xxx.o(.text)
    TIM1_TRG_COM_TIM11_IRQHandler            0x080004eb   Thumb Code     0  startup_stm32f40_41xxx.o(.text)
    TIM1_UP_TIM10_IRQHandler                 0x080004eb   Thumb Code     0  startup_stm32f40_41xxx.o(.text)
    TIM4_IRQHandler                          0x080004eb   Thumb Code     0  startup_stm32f40_41xxx.o(.text)
    TIM5_IRQHandler                          0x080004eb   Thumb Code     0  startup_stm32f40_41xxx.o(.text)
    TIM6_DAC_IRQHandler                      0x080004eb   Thumb Code     0  startup_stm32f40_41xxx.o(.text)
    TIM7_IRQHandler                          0x080004eb   Thumb Code     0  startup_stm32f40_41xxx.o(.text)
    TIM8_BRK_TIM12_IRQHandler                0x080004eb   Thumb Code     0  startup_stm32f40_41xxx.o(.text)
    TIM8_CC_IRQHandler                       0x080004eb   Thumb Code     0  startup_stm32f40_41xxx.o(.text)
    TIM8_TRG_COM_TIM14_IRQHandler            0x080004eb   Thumb Code     0  startup_stm32f40_41xxx.o(.text)
    TIM8_UP_TIM13_IRQHandler                 0x080004eb   Thumb Code     0  startup_stm32f40_41xxx.o(.text)
    UART4_IRQHandler                         0x080004eb   Thumb Code     0  startup_stm32f40_41xxx.o(.text)
    UART5_IRQHandler                         0x080004eb   Thumb Code     0  startup_stm32f40_41xxx.o(.text)
    USART2_IRQHandler                        0x080004eb   Thumb Code     0  startup_stm32f40_41xxx.o(.text)
    USART6_IRQHandler                        0x080004eb   Thumb Code     0  startup_stm32f40_41xxx.o(.text)
    WWDG_IRQHandler                          0x080004eb   Thumb Code     0  startup_stm32f40_41xxx.o(.text)
    __user_initial_stackheap                 0x080004ed   Thumb Code     0  startup_stm32f40_41xxx.o(.text)
    NVIC_PriorityGroupConfig                 0x08000511   Thumb Code    10  misc.o(.text)
    NVIC_Init                                0x0800051b   Thumb Code   106  misc.o(.text)
    NVIC_SetVectorTable                      0x08000585   Thumb Code    14  misc.o(.text)
    NVIC_SystemLPConfig                      0x08000593   Thumb Code    34  misc.o(.text)
    SysTick_CLKSourceConfig                  0x080005b5   Thumb Code    40  misc.o(.text)
    FSMC_NORSRAMDeInit                       0x080005f1   Thumb Code    54  stm32f4xx_fsmc.o(.text)
    FSMC_NORSRAMInit                         0x08000627   Thumb Code   230  stm32f4xx_fsmc.o(.text)
    FSMC_NORSRAMStructInit                   0x0800070d   Thumb Code    48  stm32f4xx_fsmc.o(.text)
    FSMC_NORSRAMCmd                          0x0800073d   Thumb Code    46  stm32f4xx_fsmc.o(.text)
    FSMC_NANDDeInit                          0x0800076b   Thumb Code    62  stm32f4xx_fsmc.o(.text)
    FSMC_NANDInit                            0x080007a9   Thumb Code   132  stm32f4xx_fsmc.o(.text)
    FSMC_NANDStructInit                      0x0800082d   Thumb Code    54  stm32f4xx_fsmc.o(.text)
    FSMC_NANDCmd                             0x08000863   Thumb Code    86  stm32f4xx_fsmc.o(.text)
    FSMC_NANDECCCmd                          0x080008b9   Thumb Code    86  stm32f4xx_fsmc.o(.text)
    FSMC_GetECC                              0x0800090f   Thumb Code    24  stm32f4xx_fsmc.o(.text)
    FSMC_PCCARDDeInit                        0x08000927   Thumb Code    36  stm32f4xx_fsmc.o(.text)
    FSMC_PCCARDInit                          0x0800094b   Thumb Code   130  stm32f4xx_fsmc.o(.text)
    FSMC_PCCARDStructInit                    0x080009cd   Thumb Code    60  stm32f4xx_fsmc.o(.text)
    FSMC_PCCARDCmd                           0x08000a09   Thumb Code    44  stm32f4xx_fsmc.o(.text)
    FSMC_ITConfig                            0x08000a35   Thumb Code   128  stm32f4xx_fsmc.o(.text)
    FSMC_GetFlagStatus                       0x08000ab5   Thumb Code    54  stm32f4xx_fsmc.o(.text)
    FSMC_ClearFlag                           0x08000aeb   Thumb Code    74  stm32f4xx_fsmc.o(.text)
    FSMC_GetITStatus                         0x08000b35   Thumb Code    62  stm32f4xx_fsmc.o(.text)
    FSMC_ClearITPendingBit                   0x08000b73   Thumb Code    66  stm32f4xx_fsmc.o(.text)
    GPIO_DeInit                              0x08000bb9   Thumb Code   268  stm32f4xx_gpio.o(.text)
    GPIO_Init                                0x08000cc5   Thumb Code   144  stm32f4xx_gpio.o(.text)
    GPIO_StructInit                          0x08000d55   Thumb Code    18  stm32f4xx_gpio.o(.text)
    GPIO_PinLockConfig                       0x08000d67   Thumb Code    34  stm32f4xx_gpio.o(.text)
    GPIO_ReadInputDataBit                    0x08000d89   Thumb Code    18  stm32f4xx_gpio.o(.text)
    GPIO_ReadInputData                       0x08000d9b   Thumb Code     8  stm32f4xx_gpio.o(.text)
    GPIO_ReadOutputDataBit                   0x08000da3   Thumb Code    18  stm32f4xx_gpio.o(.text)
    GPIO_ReadOutputData                      0x08000db5   Thumb Code     8  stm32f4xx_gpio.o(.text)
    GPIO_SetBits                             0x08000dbd   Thumb Code     4  stm32f4xx_gpio.o(.text)
    GPIO_ResetBits                           0x08000dc1   Thumb Code     4  stm32f4xx_gpio.o(.text)
    GPIO_WriteBit                            0x08000dc5   Thumb Code    10  stm32f4xx_gpio.o(.text)
    GPIO_Write                               0x08000dcf   Thumb Code     4  stm32f4xx_gpio.o(.text)
    GPIO_ToggleBits                          0x08000dd3   Thumb Code     8  stm32f4xx_gpio.o(.text)
    GPIO_PinAFConfig                         0x08000ddb   Thumb Code    70  stm32f4xx_gpio.o(.text)
    RCC_DeInit                               0x08000e4d   Thumb Code    82  stm32f4xx_rcc.o(.text)
    RCC_HSEConfig                            0x08000e9f   Thumb Code    14  stm32f4xx_rcc.o(.text)
    RCC_GetFlagStatus                        0x08000ead   Thumb Code    60  stm32f4xx_rcc.o(.text)
    RCC_WaitForHSEStartUp                    0x08000ee9   Thumb Code    56  stm32f4xx_rcc.o(.text)
    RCC_AdjustHSICalibrationValue            0x08000f21   Thumb Code    20  stm32f4xx_rcc.o(.text)
    RCC_HSICmd                               0x08000f35   Thumb Code     6  stm32f4xx_rcc.o(.text)
    RCC_LSEConfig                            0x08000f3b   Thumb Code    46  stm32f4xx_rcc.o(.text)
    RCC_LSICmd                               0x08000f69   Thumb Code     6  stm32f4xx_rcc.o(.text)
    RCC_PLLConfig                            0x08000f6f   Thumb Code    32  stm32f4xx_rcc.o(.text)
    RCC_PLLCmd                               0x08000f8f   Thumb Code     6  stm32f4xx_rcc.o(.text)
    RCC_PLLI2SConfig                         0x08000f95   Thumb Code    14  stm32f4xx_rcc.o(.text)
    RCC_PLLI2SCmd                            0x08000fa3   Thumb Code     6  stm32f4xx_rcc.o(.text)
    RCC_PLLSAIConfig                         0x08000fa9   Thumb Code    20  stm32f4xx_rcc.o(.text)
    RCC_PLLSAICmd                            0x08000fbd   Thumb Code     6  stm32f4xx_rcc.o(.text)
    RCC_ClockSecuritySystemCmd               0x08000fc3   Thumb Code     6  stm32f4xx_rcc.o(.text)
    RCC_MCO1Config                           0x08000fc9   Thumb Code    28  stm32f4xx_rcc.o(.text)
    RCC_MCO2Config                           0x08000fe5   Thumb Code    28  stm32f4xx_rcc.o(.text)
    RCC_SYSCLKConfig                         0x08001001   Thumb Code    20  stm32f4xx_rcc.o(.text)
    RCC_GetSYSCLKSource                      0x08001015   Thumb Code    12  stm32f4xx_rcc.o(.text)
    RCC_HCLKConfig                           0x08001021   Thumb Code    20  stm32f4xx_rcc.o(.text)
    RCC_PCLK1Config                          0x08001035   Thumb Code    20  stm32f4xx_rcc.o(.text)
    RCC_PCLK2Config                          0x08001049   Thumb Code    22  stm32f4xx_rcc.o(.text)
    RCC_GetClocksFreq                        0x0800105f   Thumb Code   222  stm32f4xx_rcc.o(.text)
    RCC_RTCCLKConfig                         0x0800113d   Thumb Code    54  stm32f4xx_rcc.o(.text)
    RCC_RTCCLKCmd                            0x08001173   Thumb Code     8  stm32f4xx_rcc.o(.text)
    RCC_BackupResetCmd                       0x0800117b   Thumb Code     8  stm32f4xx_rcc.o(.text)
    RCC_I2SCLKConfig                         0x08001183   Thumb Code     6  stm32f4xx_rcc.o(.text)
    RCC_SAIPLLI2SClkDivConfig                0x08001189   Thumb Code    26  stm32f4xx_rcc.o(.text)
    RCC_SAIPLLSAIClkDivConfig                0x080011a3   Thumb Code    28  stm32f4xx_rcc.o(.text)
    RCC_SAIBlockACLKConfig                   0x080011bf   Thumb Code    20  stm32f4xx_rcc.o(.text)
    RCC_SAIBlockBCLKConfig                   0x080011d3   Thumb Code    20  stm32f4xx_rcc.o(.text)
    RCC_LTDCCLKDivConfig                     0x080011e7   Thumb Code    20  stm32f4xx_rcc.o(.text)
    RCC_TIMCLKPresConfig                     0x080011fb   Thumb Code     6  stm32f4xx_rcc.o(.text)
    RCC_AHB1PeriphClockCmd                   0x08001201   Thumb Code    34  stm32f4xx_rcc.o(.text)
    RCC_AHB2PeriphClockCmd                   0x08001223   Thumb Code    78  stm32f4xx_rcc.o(.text)
    RCC_AHB3PeriphClockCmd                   0x08001271   Thumb Code    34  stm32f4xx_rcc.o(.text)
    RCC_APB1PeriphClockCmd                   0x08001293   Thumb Code    34  stm32f4xx_rcc.o(.text)
    RCC_APB2PeriphClockCmd                   0x080012b5   Thumb Code    34  stm32f4xx_rcc.o(.text)
    RCC_AHB1PeriphResetCmd                   0x080012d7   Thumb Code    34  stm32f4xx_rcc.o(.text)
    RCC_AHB2PeriphResetCmd                   0x080012f9   Thumb Code    34  stm32f4xx_rcc.o(.text)
    RCC_AHB3PeriphResetCmd                   0x0800131b   Thumb Code    34  stm32f4xx_rcc.o(.text)
    RCC_APB1PeriphResetCmd                   0x0800133d   Thumb Code    34  stm32f4xx_rcc.o(.text)
    RCC_APB2PeriphResetCmd                   0x0800135f   Thumb Code    34  stm32f4xx_rcc.o(.text)
    RCC_AHB1PeriphClockLPModeCmd             0x08001381   Thumb Code    34  stm32f4xx_rcc.o(.text)
    RCC_AHB2PeriphClockLPModeCmd             0x080013a3   Thumb Code    34  stm32f4xx_rcc.o(.text)
    RCC_AHB3PeriphClockLPModeCmd             0x080013c5   Thumb Code    34  stm32f4xx_rcc.o(.text)
    RCC_APB1PeriphClockLPModeCmd             0x080013e7   Thumb Code    34  stm32f4xx_rcc.o(.text)
    RCC_APB2PeriphClockLPModeCmd             0x08001409   Thumb Code    34  stm32f4xx_rcc.o(.text)
    RCC_LSEModeConfig                        0x0800142b   Thumb Code    40  stm32f4xx_rcc.o(.text)
    RCC_ITConfig                             0x08001453   Thumb Code    34  stm32f4xx_rcc.o(.text)
    RCC_ClearFlag                            0x08001475   Thumb Code    18  stm32f4xx_rcc.o(.text)
    RCC_GetITStatus                          0x08001487   Thumb Code    22  stm32f4xx_rcc.o(.text)
    RCC_ClearITPendingBit                    0x0800149d   Thumb Code     8  stm32f4xx_rcc.o(.text)
    TIM_DeInit                               0x080014a9   Thumb Code   346  stm32f4xx_tim.o(.text)
    TIM_TimeBaseInit                         0x08001603   Thumb Code   104  stm32f4xx_tim.o(.text)
    TIM_TimeBaseStructInit                   0x0800166b   Thumb Code    18  stm32f4xx_tim.o(.text)
    TIM_PrescalerConfig                      0x0800167d   Thumb Code     6  stm32f4xx_tim.o(.text)
    TIM_CounterModeConfig                    0x08001683   Thumb Code    18  stm32f4xx_tim.o(.text)
    TIM_SetCounter                           0x08001695   Thumb Code     4  stm32f4xx_tim.o(.text)
    TIM_SetAutoreload                        0x08001699   Thumb Code     4  stm32f4xx_tim.o(.text)
    TIM_GetCounter                           0x0800169d   Thumb Code     6  stm32f4xx_tim.o(.text)
    TIM_GetPrescaler                         0x080016a3   Thumb Code     6  stm32f4xx_tim.o(.text)
    TIM_UpdateDisableConfig                  0x080016a9   Thumb Code    24  stm32f4xx_tim.o(.text)
    TIM_UpdateRequestConfig                  0x080016c1   Thumb Code    24  stm32f4xx_tim.o(.text)
    TIM_ARRPreloadConfig                     0x080016d9   Thumb Code    24  stm32f4xx_tim.o(.text)
    TIM_SelectOnePulseMode                   0x080016f1   Thumb Code    18  stm32f4xx_tim.o(.text)
    TIM_SetClockDivision                     0x08001703   Thumb Code    18  stm32f4xx_tim.o(.text)
    TIM_Cmd                                  0x08001715   Thumb Code    24  stm32f4xx_tim.o(.text)
    TIM_OC1Init                              0x0800172d   Thumb Code   114  stm32f4xx_tim.o(.text)
    TIM_OC2Init                              0x0800179f   Thumb Code   154  stm32f4xx_tim.o(.text)
    TIM_OC3Init                              0x08001839   Thumb Code   204  stm32f4xx_tim.o(.text)
    TIM_OC4Init                              0x08001905   Thumb Code   112  stm32f4xx_tim.o(.text)
    TIM_OCStructInit                         0x08001975   Thumb Code    20  stm32f4xx_tim.o(.text)
    TIM_SelectOCxM                           0x08001989   Thumb Code    86  stm32f4xx_tim.o(.text)
    TIM_SetCompare1                          0x080019df   Thumb Code     4  stm32f4xx_tim.o(.text)
    TIM_SetCompare2                          0x080019e3   Thumb Code     4  stm32f4xx_tim.o(.text)
    TIM_SetCompare3                          0x080019e7   Thumb Code     4  stm32f4xx_tim.o(.text)
    TIM_SetCompare4                          0x080019eb   Thumb Code     4  stm32f4xx_tim.o(.text)
    TIM_ForcedOC1Config                      0x080019ef   Thumb Code    18  stm32f4xx_tim.o(.text)
    TIM_ForcedOC2Config                      0x08001a01   Thumb Code    26  stm32f4xx_tim.o(.text)
    TIM_ForcedOC3Config                      0x08001a1b   Thumb Code    18  stm32f4xx_tim.o(.text)
    TIM_ForcedOC4Config                      0x08001a2d   Thumb Code    26  stm32f4xx_tim.o(.text)
    TIM_OC1PreloadConfig                     0x08001a47   Thumb Code    18  stm32f4xx_tim.o(.text)
    TIM_OC2PreloadConfig                     0x08001a59   Thumb Code    26  stm32f4xx_tim.o(.text)
    TIM_OC3PreloadConfig                     0x08001a73   Thumb Code    18  stm32f4xx_tim.o(.text)
    TIM_OC4PreloadConfig                     0x08001a85   Thumb Code    26  stm32f4xx_tim.o(.text)
    TIM_OC1FastConfig                        0x08001a9f   Thumb Code    18  stm32f4xx_tim.o(.text)
    TIM_OC2FastConfig                        0x08001ab1   Thumb Code    26  stm32f4xx_tim.o(.text)
    TIM_OC3FastConfig                        0x08001acb   Thumb Code    18  stm32f4xx_tim.o(.text)
    TIM_OC4FastConfig                        0x08001add   Thumb Code    26  stm32f4xx_tim.o(.text)
    TIM_ClearOC1Ref                          0x08001af7   Thumb Code    18  stm32f4xx_tim.o(.text)
    TIM_ClearOC2Ref                          0x08001b09   Thumb Code    24  stm32f4xx_tim.o(.text)
    TIM_ClearOC3Ref                          0x08001b21   Thumb Code    18  stm32f4xx_tim.o(.text)
    TIM_ClearOC4Ref                          0x08001b33   Thumb Code    24  stm32f4xx_tim.o(.text)
    TIM_OC1PolarityConfig                    0x08001b4b   Thumb Code    18  stm32f4xx_tim.o(.text)
    TIM_OC1NPolarityConfig                   0x08001b5d   Thumb Code    18  stm32f4xx_tim.o(.text)
    TIM_OC2PolarityConfig                    0x08001b6f   Thumb Code    26  stm32f4xx_tim.o(.text)
    TIM_OC2NPolarityConfig                   0x08001b89   Thumb Code    26  stm32f4xx_tim.o(.text)
    TIM_OC3PolarityConfig                    0x08001ba3   Thumb Code    26  stm32f4xx_tim.o(.text)
    TIM_OC3NPolarityConfig                   0x08001bbd   Thumb Code    26  stm32f4xx_tim.o(.text)
    TIM_OC4PolarityConfig                    0x08001bd7   Thumb Code    26  stm32f4xx_tim.o(.text)
    TIM_CCxCmd                               0x08001bf1   Thumb Code    30  stm32f4xx_tim.o(.text)
    TIM_CCxNCmd                              0x08001c0f   Thumb Code    30  stm32f4xx_tim.o(.text)
    TIM_SetIC4Prescaler                      0x08001c2d   Thumb Code    26  stm32f4xx_tim.o(.text)
    TIM_SetIC3Prescaler                      0x08001c97   Thumb Code    18  stm32f4xx_tim.o(.text)
    TIM_SetIC2Prescaler                      0x08001cf1   Thumb Code    26  stm32f4xx_tim.o(.text)
    TIM_SetIC1Prescaler                      0x08001d65   Thumb Code    18  stm32f4xx_tim.o(.text)
    TIM_ICInit                               0x08001db1   Thumb Code   110  stm32f4xx_tim.o(.text)
    TIM_ICStructInit                         0x08001e1f   Thumb Code    18  stm32f4xx_tim.o(.text)
    TIM_PWMIConfig                           0x08001e31   Thumb Code   124  stm32f4xx_tim.o(.text)
    TIM_GetCapture1                          0x08001ead   Thumb Code     6  stm32f4xx_tim.o(.text)
    TIM_GetCapture2                          0x08001eb3   Thumb Code     6  stm32f4xx_tim.o(.text)
    TIM_GetCapture3                          0x08001eb9   Thumb Code     6  stm32f4xx_tim.o(.text)
    TIM_GetCapture4                          0x08001ebf   Thumb Code     6  stm32f4xx_tim.o(.text)
    TIM_BDTRConfig                           0x08001ec5   Thumb Code    32  stm32f4xx_tim.o(.text)
    TIM_BDTRStructInit                       0x08001ee5   Thumb Code    18  stm32f4xx_tim.o(.text)
    TIM_CtrlPWMOutputs                       0x08001ef7   Thumb Code    30  stm32f4xx_tim.o(.text)
    TIM_SelectCOM                            0x08001f15   Thumb Code    24  stm32f4xx_tim.o(.text)
    TIM_CCPreloadControl                     0x08001f2d   Thumb Code    24  stm32f4xx_tim.o(.text)
    TIM_ITConfig                             0x08001f45   Thumb Code    18  stm32f4xx_tim.o(.text)
    TIM_GenerateEvent                        0x08001f57   Thumb Code     4  stm32f4xx_tim.o(.text)
    TIM_GetFlagStatus                        0x08001f5b   Thumb Code    18  stm32f4xx_tim.o(.text)
    TIM_ClearFlag                            0x08001f6d   Thumb Code     6  stm32f4xx_tim.o(.text)
    TIM_GetITStatus                          0x08001f73   Thumb Code    34  stm32f4xx_tim.o(.text)
    TIM_ClearITPendingBit                    0x08001f95   Thumb Code     6  stm32f4xx_tim.o(.text)
    TIM_DMAConfig                            0x08001f9b   Thumb Code    10  stm32f4xx_tim.o(.text)
    TIM_DMACmd                               0x08001fa5   Thumb Code    18  stm32f4xx_tim.o(.text)
    TIM_SelectCCDMA                          0x08001fb7   Thumb Code    24  stm32f4xx_tim.o(.text)
    TIM_InternalClockConfig                  0x08001fcf   Thumb Code    12  stm32f4xx_tim.o(.text)
    TIM_SelectInputTrigger                   0x08001fdb   Thumb Code    18  stm32f4xx_tim.o(.text)
    TIM_ITRxExternalClockConfig              0x08001fed   Thumb Code    24  stm32f4xx_tim.o(.text)
    TIM_TIxExternalClockConfig               0x08002005   Thumb Code    62  stm32f4xx_tim.o(.text)
    TIM_ETRConfig                            0x08002043   Thumb Code    28  stm32f4xx_tim.o(.text)
    TIM_ETRClockMode1Config                  0x0800205f   Thumb Code    54  stm32f4xx_tim.o(.text)
    TIM_ETRClockMode2Config                  0x08002095   Thumb Code    32  stm32f4xx_tim.o(.text)
    TIM_SelectOutputTrigger                  0x080020b5   Thumb Code    18  stm32f4xx_tim.o(.text)
    TIM_SelectSlaveMode                      0x080020c7   Thumb Code    18  stm32f4xx_tim.o(.text)
    TIM_SelectMasterSlaveMode                0x080020d9   Thumb Code    18  stm32f4xx_tim.o(.text)
    TIM_EncoderInterfaceConfig               0x080020eb   Thumb Code    66  stm32f4xx_tim.o(.text)
    TIM_SelectHallSensor                     0x0800212d   Thumb Code    24  stm32f4xx_tim.o(.text)
    TIM_RemapConfig                          0x08002145   Thumb Code     6  stm32f4xx_tim.o(.text)
    USART_DeInit                             0x0800214d   Thumb Code   206  stm32f4xx_usart.o(.text)
    USART_Init                               0x0800221b   Thumb Code   204  stm32f4xx_usart.o(.text)
    USART_StructInit                         0x080022e7   Thumb Code    24  stm32f4xx_usart.o(.text)
    USART_ClockInit                          0x080022ff   Thumb Code    32  stm32f4xx_usart.o(.text)
    USART_ClockStructInit                    0x0800231f   Thumb Code    12  stm32f4xx_usart.o(.text)
    USART_Cmd                                0x0800232b   Thumb Code    24  stm32f4xx_usart.o(.text)
    USART_SetPrescaler                       0x08002343   Thumb Code    16  stm32f4xx_usart.o(.text)
    USART_OverSampling8Cmd                   0x08002353   Thumb Code    22  stm32f4xx_usart.o(.text)
    USART_OneBitMethodCmd                    0x08002369   Thumb Code    24  stm32f4xx_usart.o(.text)
    USART_SendData                           0x08002381   Thumb Code     8  stm32f4xx_usart.o(.text)
    USART_ReceiveData                        0x08002389   Thumb Code    10  stm32f4xx_usart.o(.text)
    USART_SetAddress                         0x08002393   Thumb Code    18  stm32f4xx_usart.o(.text)
    USART_ReceiverWakeUpCmd                  0x080023a5   Thumb Code    24  stm32f4xx_usart.o(.text)
    USART_WakeUpConfig                       0x080023bd   Thumb Code    18  stm32f4xx_usart.o(.text)
    USART_LINBreakDetectLengthConfig         0x080023cf   Thumb Code    18  stm32f4xx_usart.o(.text)
    USART_LINCmd                             0x080023e1   Thumb Code    24  stm32f4xx_usart.o(.text)
    USART_SendBreak                          0x080023f9   Thumb Code    10  stm32f4xx_usart.o(.text)
    USART_HalfDuplexCmd                      0x08002403   Thumb Code    24  stm32f4xx_usart.o(.text)
    USART_SetGuardTime                       0x0800241b   Thumb Code    16  stm32f4xx_usart.o(.text)
    USART_SmartCardCmd                       0x0800242b   Thumb Code    24  stm32f4xx_usart.o(.text)
    USART_SmartCardNACKCmd                   0x08002443   Thumb Code    24  stm32f4xx_usart.o(.text)
    USART_IrDAConfig                         0x0800245b   Thumb Code    18  stm32f4xx_usart.o(.text)
    USART_IrDACmd                            0x0800246d   Thumb Code    24  stm32f4xx_usart.o(.text)
    USART_DMACmd                             0x08002485   Thumb Code    18  stm32f4xx_usart.o(.text)
    USART_ITConfig                           0x08002497   Thumb Code    74  stm32f4xx_usart.o(.text)
    USART_GetFlagStatus                      0x080024e1   Thumb Code    26  stm32f4xx_usart.o(.text)
    USART_ClearFlag                          0x080024fb   Thumb Code    18  stm32f4xx_usart.o(.text)
    USART_GetITStatus                        0x0800250d   Thumb Code   118  stm32f4xx_usart.o(.text)
    USART_ClearITPendingBit                  0x08002583   Thumb Code    30  stm32f4xx_usart.o(.text)
    delay_init                               0x080025a1   Thumb Code    52  delay.o(.text)
    delay_us                                 0x080025d5   Thumb Code    72  delay.o(.text)
    delay_xms                                0x0800261d   Thumb Code    72  delay.o(.text)
    delay_ms                                 0x08002665   Thumb Code    56  delay.o(.text)
    _sys_exit                                0x080026a5   Thumb Code     4  usart.o(.text)
    fputc                                    0x080026a9   Thumb Code    22  usart.o(.text)
    uart3_init                               0x080026bf   Thumb Code   170  usart.o(.text)
    USART3_IRQHandler                        0x08002769   Thumb Code   156  usart.o(.text)
    uart1_init                               0x08002805   Thumb Code   162  usart.o(.text)
    USART1_IRQHandler                        0x080028a7   Thumb Code    26  usart.o(.text)
    openmv_receive_data                      0x080028c1   Thumb Code   302  usart.o(.text)
    USART_Senddata                           0x080029ef   Thumb Code    28  usart.o(.text)
    LED_Init                                 0x08002a7d   Thumb Code    60  led.o(.text)
    step_motor_init                          0x08002abd   Thumb Code    90  step_motor.o(.text)
    ST1_Move                                 0x08002b17   Thumb Code   520  step_motor.o(.text)
    ST2_Move                                 0x08002d1f   Thumb Code   490  step_motor.o(.text)
    ST3_Move                                 0x08002f09   Thumb Code   434  step_motor.o(.text)
    speed1_decision                          0x080030bb   Thumb Code   540  step_motor.o(.text)
    speed2_decision                          0x080032d7   Thumb Code   516  step_motor.o(.text)
    speed3_decision                          0x080034db   Thumb Code   480  step_motor.o(.text)
    speed4_decision                          0x080036bb   Thumb Code   486  step_motor.o(.text)
    Move_Transfrom                           0x080038a1   Thumb Code   266  step_motor.o(.text)
    step_stop                                0x080039ab   Thumb Code    36  step_motor.o(.text)
    step_start                               0x080039cf   Thumb Code    36  step_motor.o(.text)
    TIM3_IRQHandler                          0x080039f3   Thumb Code     8  step_motor.o(.text)
    TIM2_IRQHandler                          0x080039fb   Thumb Code     8  step_motor.o(.text)
    ST_PWM_Init                              0x08003a25   Thumb Code   616  pwm.o(.text)
    Motor_Init                               0x08003c8d   Thumb Code   368  pwm.o(.text)
    SE_Init                                  0x08003dfd   Thumb Code   198  pwm.o(.text)
    PWM_TIM4_Init                            0x08003ec3   Thumb Code   238  pwm.o(.text)
    TIM5_PWM_Init                            0x08003fb1   Thumb Code   164  pwm.o(.text)
    LCD_WR_REG                               0x08004065   Thumb Code    18  lcd.o(.text)
    LCD_WR_DATA                              0x08004077   Thumb Code    20  lcd.o(.text)
    LCD_RD_DATA                              0x0800408b   Thumb Code    16  lcd.o(.text)
    LCD_WriteReg                             0x0800409b   Thumb Code    14  lcd.o(.text)
    LCD_ReadReg                              0x080040a9   Thumb Code    22  lcd.o(.text)
    LCD_WriteRAM_Prepare                     0x080040bf   Thumb Code    10  lcd.o(.text)
    LCD_WriteRAM                             0x080040c9   Thumb Code     8  lcd.o(.text)
    LCD_BGR2RGB                              0x080040d1   Thumb Code    26  lcd.o(.text)
    opt_delay                                0x080040eb   Thumb Code    14  lcd.o(.text)
    LCD_SetCursor                            0x080040f9   Thumb Code   282  lcd.o(.text)
    LCD_ReadPoint                            0x08004213   Thumb Code   148  lcd.o(.text)
    LCD_DisplayOn                            0x080042a7   Thumb Code    32  lcd.o(.text)
    LCD_DisplayOff                           0x080042c7   Thumb Code    32  lcd.o(.text)
    LCD_Scan_Dir                             0x080042e7   Thumb Code   582  lcd.o(.text)
    LCD_DrawPoint                            0x0800452d   Thumb Code    28  lcd.o(.text)
    LCD_Fast_DrawPoint                       0x08004549   Thumb Code   238  lcd.o(.text)
    LCD_SSD_BackLightSet                     0x08004637   Thumb Code    88  lcd.o(.text)
    LCD_Display_Dir                          0x0800468f   Thumb Code   360  lcd.o(.text)
    LCD_Set_Window                           0x080047f7   Thumb Code   384  lcd.o(.text)
    LCD_Clear                                0x08004977   Thumb Code    42  lcd.o(.text)
    LCD_Init                                 0x080049a1   Thumb Code 11808  lcd.o(.text)
    LCD_Fill                                 0x080077c1   Thumb Code    82  lcd.o(.text)
    LCD_Color_Fill                           0x08007813   Thumb Code    92  lcd.o(.text)
    LCD_DrawLine                             0x0800786f   Thumb Code   176  lcd.o(.text)
    LCD_DrawRectangle                        0x0800791f   Thumb Code    60  lcd.o(.text)
    LCD_Draw_Circle                          0x0800795b   Thumb Code   152  lcd.o(.text)
    LCD_ShowChar                             0x080079f3   Thumb Code   284  lcd.o(.text)
    LCD_Pow                                  0x08007b0f   Thumb Code    22  lcd.o(.text)
    LCD_ShowNum                              0x08007b25   Thumb Code   148  lcd.o(.text)
    LCD_ShowxNum                             0x08007bb9   Thumb Code   190  lcd.o(.text)
    LCD_ShowString                           0x08007c77   Thumb Code   102  lcd.o(.text)
    __use_no_semihosting                     0x08007cf5   Thumb Code     2  use_no_semi_2.o(.text)
    __2printf                                0x08007cf9   Thumb Code    20  noretval__2printf.o(.text)
    __printf                                 0x08007d11   Thumb Code   104  __printf.o(.text)
    _printf_str                              0x08007d79   Thumb Code    82  _printf_str.o(.text)
    _printf_int_dec                          0x08007dcd   Thumb Code   104  _printf_dec.o(.text)
    _printf_int_hex                          0x08007e45   Thumb Code    84  _printf_hex_int.o(.text)
    _printf_longlong_hex                     0x08007e45   Thumb Code     0  _printf_hex_int.o(.text)
    __use_two_region_memory                  0x08007e9d   Thumb Code     2  heapauxi.o(.text)
    __rt_heap_escrow$2region                 0x08007e9f   Thumb Code     2  heapauxi.o(.text)
    __rt_heap_expand$2region                 0x08007ea1   Thumb Code     2  heapauxi.o(.text)
    __I$use$semihosting                      0x08007ea3   Thumb Code     0  use_no_semi.o(.text)
    __use_no_semihosting_swi                 0x08007ea3   Thumb Code     2  use_no_semi.o(.text)
    __read_errno                             0x08007ea5   Thumb Code    10  _rserrno.o(.text)
    __set_errno                              0x08007eaf   Thumb Code    12  _rserrno.o(.text)
    _printf_int_common                       0x08007ebb   Thumb Code   178  _printf_intcommon.o(.text)
    _printf_cs_common                        0x08007f6d   Thumb Code    20  _printf_char.o(.text)
    _printf_char                             0x08007f81   Thumb Code    16  _printf_char.o(.text)
    _printf_string                           0x08007f91   Thumb Code     8  _printf_char.o(.text)
    _printf_char_file                        0x08007f99   Thumb Code    32  _printf_char_file.o(.text)
    __aeabi_errno_addr                       0x08007fbd   Thumb Code     8  rt_errno_addr_intlibspace.o(.text)
    __errno$intlibspace                      0x08007fbd   Thumb Code     0  rt_errno_addr_intlibspace.o(.text)
    __rt_errno_addr$intlibspace              0x08007fbd   Thumb Code     0  rt_errno_addr_intlibspace.o(.text)
    _printf_char_common                      0x08007fcf   Thumb Code    32  _printf_char_common.o(.text)
    ferror                                   0x08007ff5   Thumb Code     8  ferror.o(.text)
    __user_libspace                          0x08007ffd   Thumb Code     8  libspace.o(.text)
    __user_perproc_libspace                  0x08007ffd   Thumb Code     0  libspace.o(.text)
    __user_perthread_libspace                0x08007ffd   Thumb Code     0  libspace.o(.text)
    __user_setup_stackheap                   0x08008005   Thumb Code    74  sys_stackheap_outer.o(.text)
    exit                                     0x0800804f   Thumb Code    18  exit.o(.text)
    __hardfp_sqrt                            0x08008061   Thumb Code   122  sqrt.o(i.__hardfp_sqrt)
    __aeabi_ddiv                             0x080080dd   Thumb Code     0  ddiv.o(x$fpl$ddiv)
    _ddiv                                    0x080080dd   Thumb Code   552  ddiv.o(x$fpl$ddiv)
    __aeabi_d2iz                             0x0800838d   Thumb Code     0  dfix.o(x$fpl$dfix)
    _dfix                                    0x0800838d   Thumb Code    94  dfix.o(x$fpl$dfix)
    __aeabi_d2uiz                            0x080083ed   Thumb Code     0  dfixu.o(x$fpl$dfixu)
    _dfixu                                   0x080083ed   Thumb Code    90  dfixu.o(x$fpl$dfixu)
    __aeabi_ui2d                             0x08008447   Thumb Code     0  dflt_clz.o(x$fpl$dfltu)
    _dfltu                                   0x08008447   Thumb Code    38  dflt_clz.o(x$fpl$dfltu)
    __aeabi_dmul                             0x0800846d   Thumb Code     0  dmul.o(x$fpl$dmul)
    _dmul                                    0x0800846d   Thumb Code   332  dmul.o(x$fpl$dmul)
    __fpl_dnaninf                            0x080085c1   Thumb Code   156  dnaninf.o(x$fpl$dnaninf)
    __fpl_dretinf                            0x0800865d   Thumb Code    12  dretinf.o(x$fpl$dretinf)
    _dsqrt                                   0x08008669   Thumb Code   404  dsqrt_umaal.o(x$fpl$dsqrt)
    __aeabi_f2d                              0x08008801   Thumb Code     0  f2d.o(x$fpl$f2d)
    _f2d                                     0x08008801   Thumb Code    86  f2d.o(x$fpl$f2d)
    __fpl_fnaninf                            0x08008857   Thumb Code   140  fnaninf.o(x$fpl$fnaninf)
    _fp_init                                 0x080088e3   Thumb Code    10  fpinit.o(x$fpl$fpinit)
    __fplib_config_fpu_vfp                   0x080088eb   Thumb Code     0  fpinit.o(x$fpl$fpinit)
    __fplib_config_pureend_doubles           0x080088eb   Thumb Code     0  fpinit.o(x$fpl$fpinit)
    FSMC_DefaultTimingStruct                 0x080088ec   Data          28  stm32f4xx_fsmc.o(.constdata)
    __I$use$fp                               0x080088ec   Number         0  usenofp.o(x$fpl$usenofp)
    asc2_1206                                0x08008908   Data        1140  lcd.o(.constdata)
    asc2_1608                                0x08008d7c   Data        1520  lcd.o(.constdata)
    asc2_2412                                0x0800936c   Data        3420  lcd.o(.constdata)
    Region$$Table$$Base                      0x0800a0f0   Number         0  anon$$obj.o(Region$$Table)
    Region$$Table$$Limit                     0x0800a110   Number         0  anon$$obj.o(Region$$Table)
    SystemCoreClock                          0x20000000   Data           4  system_stm32f4xx.o(.data)
    AHBPrescTable                            0x20000004   Data          16  system_stm32f4xx.o(.data)
    op1_Data                                 0x20000028   Data          12  usart.o(.data)
    op1_State                                0x20000034   Data           1  usart.o(.data)
    u3_count                                 0x20000035   Data           1  usart.o(.data)
    center_x                                 0x20000036   Data           1  usart.o(.data)
    center_y                                 0x20000037   Data           1  usart.o(.data)
    color_type                               0x20000038   Data           1  usart.o(.data)
    center_x_cm                              0x20000040   Data           8  usart.o(.data)
    center_y_cm                              0x20000048   Data           8  usart.o(.data)
    __stdout                                 0x20000050   Data           4  usart.o(.data)
    CCR1                                     0x2000005c   Data           2  step_motor.o(.data)
    motor_sta                                0x2000005e   Data           1  step_motor.o(.data)
    sp                                       0x20000060   Data           4  step_motor.o(.data)
    state                                    0x2000008c   Data           4  state.o(.data)
    POINT_COLOR                              0x20000090   Data           2  lcd.o(.data)
    BACK_COLOR                               0x20000092   Data           2  lcd.o(.data)
    data                                     0x20000094   Data          24  usart.o(.bss)
    srd1                                     0x200000c0   Data          24  step_motor.o(.bss)
    srd2                                     0x200000d8   Data          24  step_motor.o(.bss)
    srd3                                     0x200000f0   Data          24  step_motor.o(.bss)
    srd4                                     0x20000108   Data          24  step_motor.o(.bss)
    lcddev                                   0x20000120   Data          14  lcd.o(.bss)
    __libspace_start                         0x20000130   Data          96  libspace.o(.bss)
    __temporary_stack_top$libspace           0x20000190   Data           0  libspace.o(.bss)



==============================================================================

Memory Map of the image

  Image Entry point : 0x08000189

  Load Region LR_IROM1 (Base: 0x08000000, Size: 0x0000a1a4, Max: 0x00100000, ABSOLUTE)

    Execution Region ER_IROM1 (Exec base: 0x08000000, Load base: 0x08000000, Size: 0x0000a110, Max: 0x00100000, ABSOLUTE)

    Exec Addr    Load Addr    Size         Type   Attr      Idx    E Section Name        Object

    0x08000000   0x08000000   0x00000188   Data   RO          233    RESET               startup_stm32f40_41xxx.o
    0x08000188   0x08000188   0x00000008   Code   RO         1297  * !!!main             c_w.l(__main.o)
    0x08000190   0x08000190   0x00000034   Code   RO         1646    !!!scatter          c_w.l(__scatter.o)
    0x080001c4   0x080001c4   0x0000001a   Code   RO         1648    !!handler_copy      c_w.l(__scatter_copy.o)
    0x080001de   0x080001de   0x00000002   PAD
    0x080001e0   0x080001e0   0x0000001c   Code   RO         1650    !!handler_zi        c_w.l(__scatter_zi.o)
    0x080001fc   0x080001fc   0x00000000   Code   RO         1294    .ARM.Collect$$_printf_percent$$00000000  c_w.l(_printf_percent.o)
    0x080001fc   0x080001fc   0x00000006   Code   RO         1293    .ARM.Collect$$_printf_percent$$00000009  c_w.l(_printf_d.o)
    0x08000202   0x08000202   0x00000006   Code   RO         1292    .ARM.Collect$$_printf_percent$$0000000C  c_w.l(_printf_x.o)
    0x08000208   0x08000208   0x00000006   Code   RO         1291    .ARM.Collect$$_printf_percent$$00000013  c_w.l(_printf_c.o)
    0x0800020e   0x0800020e   0x00000004   Code   RO         1412    .ARM.Collect$$_printf_percent$$00000017  c_w.l(_printf_percent_end.o)
    0x08000212   0x08000212   0x00000002   Code   RO         1517    .ARM.Collect$$libinit$$00000000  c_w.l(libinit.o)
    0x08000214   0x08000214   0x00000004   Code   RO         1522    .ARM.Collect$$libinit$$00000001  c_w.l(libinit2.o)
    0x08000218   0x08000218   0x00000000   Code   RO         1525    .ARM.Collect$$libinit$$00000004  c_w.l(libinit2.o)
    0x08000218   0x08000218   0x00000000   Code   RO         1528    .ARM.Collect$$libinit$$0000000A  c_w.l(libinit2.o)
    0x08000218   0x08000218   0x00000000   Code   RO         1530    .ARM.Collect$$libinit$$0000000C  c_w.l(libinit2.o)
    0x08000218   0x08000218   0x00000000   Code   RO         1532    .ARM.Collect$$libinit$$0000000E  c_w.l(libinit2.o)
    0x08000218   0x08000218   0x00000000   Code   RO         1535    .ARM.Collect$$libinit$$00000011  c_w.l(libinit2.o)
    0x08000218   0x08000218   0x00000000   Code   RO         1537    .ARM.Collect$$libinit$$00000013  c_w.l(libinit2.o)
    0x08000218   0x08000218   0x00000000   Code   RO         1539    .ARM.Collect$$libinit$$00000015  c_w.l(libinit2.o)
    0x08000218   0x08000218   0x00000000   Code   RO         1541    .ARM.Collect$$libinit$$00000017  c_w.l(libinit2.o)
    0x08000218   0x08000218   0x00000000   Code   RO         1543    .ARM.Collect$$libinit$$00000019  c_w.l(libinit2.o)
    0x08000218   0x08000218   0x00000000   Code   RO         1545    .ARM.Collect$$libinit$$0000001B  c_w.l(libinit2.o)
    0x08000218   0x08000218   0x00000000   Code   RO         1547    .ARM.Collect$$libinit$$0000001D  c_w.l(libinit2.o)
    0x08000218   0x08000218   0x00000000   Code   RO         1549    .ARM.Collect$$libinit$$0000001F  c_w.l(libinit2.o)
    0x08000218   0x08000218   0x00000000   Code   RO         1551    .ARM.Collect$$libinit$$00000021  c_w.l(libinit2.o)
    0x08000218   0x08000218   0x00000000   Code   RO         1553    .ARM.Collect$$libinit$$00000023  c_w.l(libinit2.o)
    0x08000218   0x08000218   0x00000000   Code   RO         1555    .ARM.Collect$$libinit$$00000025  c_w.l(libinit2.o)
    0x08000218   0x08000218   0x00000000   Code   RO         1559    .ARM.Collect$$libinit$$0000002C  c_w.l(libinit2.o)
    0x08000218   0x08000218   0x00000000   Code   RO         1561    .ARM.Collect$$libinit$$0000002E  c_w.l(libinit2.o)
    0x08000218   0x08000218   0x00000000   Code   RO         1563    .ARM.Collect$$libinit$$00000030  c_w.l(libinit2.o)
    0x08000218   0x08000218   0x00000000   Code   RO         1565    .ARM.Collect$$libinit$$00000032  c_w.l(libinit2.o)
    0x08000218   0x08000218   0x00000002   Code   RO         1566    .ARM.Collect$$libinit$$00000033  c_w.l(libinit2.o)
    0x0800021a   0x0800021a   0x00000002   Code   RO         1586    .ARM.Collect$$libshutdown$$00000000  c_w.l(libshutdown.o)
    0x0800021c   0x0800021c   0x00000000   Code   RO         1596    .ARM.Collect$$libshutdown$$00000002  c_w.l(libshutdown2.o)
    0x0800021c   0x0800021c   0x00000000   Code   RO         1598    .ARM.Collect$$libshutdown$$00000004  c_w.l(libshutdown2.o)
    0x0800021c   0x0800021c   0x00000000   Code   RO         1600    .ARM.Collect$$libshutdown$$00000006  c_w.l(libshutdown2.o)
    0x0800021c   0x0800021c   0x00000000   Code   RO         1603    .ARM.Collect$$libshutdown$$00000009  c_w.l(libshutdown2.o)
    0x0800021c   0x0800021c   0x00000000   Code   RO         1606    .ARM.Collect$$libshutdown$$0000000C  c_w.l(libshutdown2.o)
    0x0800021c   0x0800021c   0x00000000   Code   RO         1608    .ARM.Collect$$libshutdown$$0000000E  c_w.l(libshutdown2.o)
    0x0800021c   0x0800021c   0x00000000   Code   RO         1611    .ARM.Collect$$libshutdown$$00000011  c_w.l(libshutdown2.o)
    0x0800021c   0x0800021c   0x00000002   Code   RO         1612    .ARM.Collect$$libshutdown$$00000012  c_w.l(libshutdown2.o)
    0x0800021e   0x0800021e   0x00000000   Code   RO         1403    .ARM.Collect$$rtentry$$00000000  c_w.l(__rtentry.o)
    0x0800021e   0x0800021e   0x00000000   Code   RO         1476    .ARM.Collect$$rtentry$$00000002  c_w.l(__rtentry2.o)
    0x0800021e   0x0800021e   0x00000006   Code   RO         1488    .ARM.Collect$$rtentry$$00000004  c_w.l(__rtentry4.o)
    0x08000224   0x08000224   0x00000000   Code   RO         1478    .ARM.Collect$$rtentry$$00000009  c_w.l(__rtentry2.o)
    0x08000224   0x08000224   0x00000004   Code   RO         1479    .ARM.Collect$$rtentry$$0000000A  c_w.l(__rtentry2.o)
    0x08000228   0x08000228   0x00000000   Code   RO         1481    .ARM.Collect$$rtentry$$0000000C  c_w.l(__rtentry2.o)
    0x08000228   0x08000228   0x00000008   Code   RO         1482    .ARM.Collect$$rtentry$$0000000D  c_w.l(__rtentry2.o)
    0x08000230   0x08000230   0x00000002   Code   RO         1520    .ARM.Collect$$rtexit$$00000000  c_w.l(rtexit.o)
    0x08000232   0x08000232   0x00000000   Code   RO         1570    .ARM.Collect$$rtexit$$00000002  c_w.l(rtexit2.o)
    0x08000232   0x08000232   0x00000004   Code   RO         1571    .ARM.Collect$$rtexit$$00000003  c_w.l(rtexit2.o)
    0x08000236   0x08000236   0x00000006   Code   RO         1572    .ARM.Collect$$rtexit$$00000004  c_w.l(rtexit2.o)
    0x0800023c   0x0800023c   0x00000068   Code   RO            3    .text               main.o
    0x080002a4   0x080002a4   0x0000001a   Code   RO          184    .text               stm32f4xx_it.o
    0x080002be   0x080002be   0x00000002   PAD
    0x080002c0   0x080002c0   0x00000210   Code   RO          207    .text               system_stm32f4xx.o
    0x080004d0   0x080004d0   0x00000040   Code   RO          234    .text               startup_stm32f40_41xxx.o
    0x08000510   0x08000510   0x000000e0   Code   RO          240    .text               misc.o
    0x080005f0   0x080005f0   0x000005c8   Code   RO          592    .text               stm32f4xx_fsmc.o
    0x08000bb8   0x08000bb8   0x00000294   Code   RO          615    .text               stm32f4xx_gpio.o
    0x08000e4c   0x08000e4c   0x0000065c   Code   RO          778    .text               stm32f4xx_rcc.o
    0x080014a8   0x080014a8   0x00000ca2   Code   RO          923    .text               stm32f4xx_tim.o
    0x0800214a   0x0800214a   0x00000002   PAD
    0x0800214c   0x0800214c   0x00000454   Code   RO          943    .text               stm32f4xx_usart.o
    0x080025a0   0x080025a0   0x00000104   Code   RO          983    .text               delay.o
    0x080026a4   0x080026a4   0x000003d8   Code   RO         1023    .text               usart.o
    0x08002a7c   0x08002a7c   0x00000040   Code   RO         1061    .text               led.o
    0x08002abc   0x08002abc   0x00000f68   Code   RO         1081    .text               step_motor.o
    0x08003a24   0x08003a24   0x00000640   Code   RO         1108    .text               pwm.o
    0x08004064   0x08004064   0x00003c90   Code   RO         1200    .text               lcd.o
    0x08007cf4   0x08007cf4   0x00000002   Code   RO         1238    .text               c_w.l(use_no_semi_2.o)
    0x08007cf6   0x08007cf6   0x00000002   PAD
    0x08007cf8   0x08007cf8   0x00000018   Code   RO         1242    .text               c_w.l(noretval__2printf.o)
    0x08007d10   0x08007d10   0x00000068   Code   RO         1244    .text               c_w.l(__printf.o)
    0x08007d78   0x08007d78   0x00000052   Code   RO         1246    .text               c_w.l(_printf_str.o)
    0x08007dca   0x08007dca   0x00000002   PAD
    0x08007dcc   0x08007dcc   0x00000078   Code   RO         1248    .text               c_w.l(_printf_dec.o)
    0x08007e44   0x08007e44   0x00000058   Code   RO         1253    .text               c_w.l(_printf_hex_int.o)
    0x08007e9c   0x08007e9c   0x00000006   Code   RO         1295    .text               c_w.l(heapauxi.o)
    0x08007ea2   0x08007ea2   0x00000002   Code   RO         1401    .text               c_w.l(use_no_semi.o)
    0x08007ea4   0x08007ea4   0x00000016   Code   RO         1404    .text               c_w.l(_rserrno.o)
    0x08007eba   0x08007eba   0x000000b2   Code   RO         1406    .text               c_w.l(_printf_intcommon.o)
    0x08007f6c   0x08007f6c   0x0000002c   Code   RO         1408    .text               c_w.l(_printf_char.o)
    0x08007f98   0x08007f98   0x00000024   Code   RO         1410    .text               c_w.l(_printf_char_file.o)
    0x08007fbc   0x08007fbc   0x00000008   Code   RO         1493    .text               c_w.l(rt_errno_addr_intlibspace.o)
    0x08007fc4   0x08007fc4   0x00000030   Code   RO         1495    .text               c_w.l(_printf_char_common.o)
    0x08007ff4   0x08007ff4   0x00000008   Code   RO         1497    .text               c_w.l(ferror.o)
    0x08007ffc   0x08007ffc   0x00000008   Code   RO         1503    .text               c_w.l(libspace.o)
    0x08008004   0x08008004   0x0000004a   Code   RO         1506    .text               c_w.l(sys_stackheap_outer.o)
    0x0800804e   0x0800804e   0x00000012   Code   RO         1510    .text               c_w.l(exit.o)
    0x08008060   0x08008060   0x0000007a   Code   RO         1389    i.__hardfp_sqrt     m_wm.l(sqrt.o)
    0x080080da   0x080080da   0x00000002   PAD
    0x080080dc   0x080080dc   0x000002b0   Code   RO         1308    x$fpl$ddiv          fz_wm.l(ddiv.o)
    0x0800838c   0x0800838c   0x0000005e   Code   RO         1311    x$fpl$dfix          fz_wm.l(dfix.o)
    0x080083ea   0x080083ea   0x00000002   PAD
    0x080083ec   0x080083ec   0x0000005a   Code   RO         1315    x$fpl$dfixu         fz_wm.l(dfixu.o)
    0x08008446   0x08008446   0x00000026   Code   RO         1319    x$fpl$dfltu         fz_wm.l(dflt_clz.o)
    0x0800846c   0x0800846c   0x00000154   Code   RO         1327    x$fpl$dmul          fz_wm.l(dmul.o)
    0x080085c0   0x080085c0   0x0000009c   Code   RO         1417    x$fpl$dnaninf       fz_wm.l(dnaninf.o)
    0x0800865c   0x0800865c   0x0000000c   Code   RO         1419    x$fpl$dretinf       fz_wm.l(dretinf.o)
    0x08008668   0x08008668   0x00000198   Code   RO         1421    x$fpl$dsqrt         fz_wm.l(dsqrt_umaal.o)
    0x08008800   0x08008800   0x00000056   Code   RO         1331    x$fpl$f2d           fz_wm.l(f2d.o)
    0x08008856   0x08008856   0x0000008c   Code   RO         1423    x$fpl$fnaninf       fz_wm.l(fnaninf.o)
    0x080088e2   0x080088e2   0x0000000a   Code   RO         1578    x$fpl$fpinit        fz_wm.l(fpinit.o)
    0x080088ec   0x080088ec   0x00000000   Code   RO         1427    x$fpl$usenofp       fz_wm.l(usenofp.o)
    0x080088ec   0x080088ec   0x0000001c   Data   RO          593    .constdata          stm32f4xx_fsmc.o
    0x08008908   0x08008908   0x000017c0   Data   RO         1202    .constdata          lcd.o
    0x0800a0c8   0x0800a0c8   0x00000028   Data   RO         1254    .constdata          c_w.l(_printf_hex_int.o)
    0x0800a0f0   0x0800a0f0   0x00000020   Data   RO         1644    Region$$Table       anon$$obj.o


    Execution Region RW_IRAM1 (Exec base: 0x20000000, Load base: 0x0800a110, Size: 0x00000790, Max: 0x00020000, ABSOLUTE)

    Exec Addr    Load Addr    Size         Type   Attr      Idx    E Section Name        Object

    0x20000000   0x0800a110   0x00000014   Data   RW          208    .data               system_stm32f4xx.o
    0x20000014   0x0800a124   0x00000010   Data   RW          779    .data               stm32f4xx_rcc.o
    0x20000024   0x0800a134   0x00000004   Data   RW          984    .data               delay.o
    0x20000028   0x0800a138   0x00000032   Data   RW         1025    .data               usart.o
    0x2000005a   0x0800a16a   0x00000002   PAD
    0x2000005c   0x0800a16c   0x0000002d   Data   RW         1083    .data               step_motor.o
    0x20000089   0x0800a199   0x00000003   PAD
    0x2000008c   0x0800a19c   0x00000004   Data   RW         1175    .data               state.o
    0x20000090   0x0800a1a0   0x00000004   Data   RW         1203    .data               lcd.o
    0x20000094        -       0x0000002c   Zero   RW         1024    .bss                usart.o
    0x200000c0        -       0x00000060   Zero   RW         1082    .bss                step_motor.o
    0x20000120        -       0x0000000e   Zero   RW         1201    .bss                lcd.o
    0x2000012e   0x0800a1a4   0x00000002   PAD
    0x20000130        -       0x00000060   Zero   RW         1504    .bss                c_w.l(libspace.o)
    0x20000190        -       0x00000200   Zero   RW          232    HEAP                startup_stm32f40_41xxx.o
    0x20000390        -       0x00000400   Zero   RW          231    STACK               startup_stm32f40_41xxx.o


==============================================================================

Image component sizes


      Code (inc. data)   RO Data    RW Data    ZI Data      Debug   Object Name

       260          8          0          4          0       1509   delay.o
     15504        144       6080          4         14      20206   lcd.o
        64          4          0          0          0        539   led.o
       104         10          0          0          0     288403   main.o
       224         20          0          0          0     231017   misc.o
      1600         60          0          0          0       2517   pwm.o
        64         26        392          0       1536        852   startup_stm32f40_41xxx.o
         0          0          0          4          0        236   state.o
      3944        202          0         45         96       8249   step_motor.o
      1480         18         28          0          0       5694   stm32f4xx_fsmc.o
       660         44          0          0          0       4189   stm32f4xx_gpio.o
        26          0          0          0          0       1238   stm32f4xx_it.o
      1628         52          0         16          0      13080   stm32f4xx_rcc.o
      3234         60          0          0          0      23044   stm32f4xx_tim.o
      1108         34          0          0          0       7912   stm32f4xx_usart.o
       528         46          0         20          0       1823   system_stm32f4xx.o
       984        114          0         50         44       4743   usart.o

    ----------------------------------------------------------------------
     31416        842       6532        148       1692     615251   Object Totals
         0          0         32          0          0          0   (incl. Generated)
         4          0          0          5          2          0   (incl. Padding)

    ----------------------------------------------------------------------

      Code (inc. data)   RO Data    RW Data    ZI Data      Debug   Library Member Name

         8          0          0          0          0         68   __main.o
       104          0          0          0          0         84   __printf.o
         0          0          0          0          0          0   __rtentry.o
        12          0          0          0          0          0   __rtentry2.o
         6          0          0          0          0          0   __rtentry4.o
        52          8          0          0          0          0   __scatter.o
        26          0          0          0          0          0   __scatter_copy.o
        28          0          0          0          0          0   __scatter_zi.o
         6          0          0          0          0          0   _printf_c.o
        44          0          0          0          0        108   _printf_char.o
        48          6          0          0          0         96   _printf_char_common.o
        36          4          0          0          0         80   _printf_char_file.o
         6          0          0          0          0          0   _printf_d.o
       120         16          0          0          0         92   _printf_dec.o
        88          4         40          0          0         88   _printf_hex_int.o
       178          0          0          0          0         88   _printf_intcommon.o
         0          0          0          0          0          0   _printf_percent.o
         4          0          0          0          0          0   _printf_percent_end.o
        82          0          0          0          0         80   _printf_str.o
         6          0          0          0          0          0   _printf_x.o
        22          0          0          0          0        100   _rserrno.o
        18          0          0          0          0         80   exit.o
         8          0          0          0          0         68   ferror.o
         6          0          0          0          0        152   heapauxi.o
         2          0          0          0          0          0   libinit.o
         6          0          0          0          0          0   libinit2.o
         2          0          0          0          0          0   libshutdown.o
         2          0          0          0          0          0   libshutdown2.o
         8          4          0          0         96         68   libspace.o
        24          4          0          0          0         84   noretval__2printf.o
         8          4          0          0          0         68   rt_errno_addr_intlibspace.o
         2          0          0          0          0          0   rtexit.o
        10          0          0          0          0          0   rtexit2.o
        74          0          0          0          0         80   sys_stackheap_outer.o
         2          0          0          0          0         68   use_no_semi.o
         2          0          0          0          0         68   use_no_semi_2.o
       688        140          0          0          0        256   ddiv.o
        94          4          0          0          0        140   dfix.o
        90          4          0          0          0        140   dfixu.o
        38          0          0          0          0        116   dflt_clz.o
       340         12          0          0          0        152   dmul.o
       156          4          0          0          0        140   dnaninf.o
        12          0          0          0          0        116   dretinf.o
       408         56          0          0          0        168   dsqrt_umaal.o
        86          4          0          0          0        132   f2d.o
       140          4          0          0          0        132   fnaninf.o
        10          0          0          0          0        116   fpinit.o
         0          0          0          0          0          0   usenofp.o
       122          0          0          0          0        148   sqrt.o

    ----------------------------------------------------------------------
      3244        278         40          0         96       3376   Library Totals
        10          0          0          0          0          0   (incl. Padding)

    ----------------------------------------------------------------------

      Code (inc. data)   RO Data    RW Data    ZI Data      Debug   Library Name

      1050         50         40          0         96       1620   c_w.l
      2062        228          0          0          0       1608   fz_wm.l
       122          0          0          0          0        148   m_wm.l

    ----------------------------------------------------------------------
      3244        278         40          0         96       3376   Library Totals

    ----------------------------------------------------------------------

==============================================================================


      Code (inc. data)   RO Data    RW Data    ZI Data      Debug   

     34660       1120       6572        148       1788     613647   Grand Totals
     34660       1120       6572        148       1788     613647   ELF Image Totals
     34660       1120       6572        148          0          0   ROM Totals

==============================================================================

    Total RO  Size (Code + RO Data)                41232 (  40.27kB)
    Total RW  Size (RW Data + ZI Data)              1936 (   1.89kB)
    Total ROM Size (Code + RO Data + RW Data)      41380 (  40.41kB)

==============================================================================

